TimeQuest Timing Analyzer report for MIC1
Sun Aug 16 17:48:16 2026
Quartus II 64-Bit Version 13.0.1 Build 232 06/12/2013 Service Pack 1 SJ Web Edition


---------------------
; Table of Contents ;
---------------------
  1. Legal Notice
  2. TimeQuest Timing Analyzer Summary
  3. Parallel Compilation
  4. Clocks
  5. Slow Model Fmax Summary
  6. Slow Model Setup Summary
  7. Slow Model Hold Summary
  8. Slow Model Recovery Summary
  9. Slow Model Removal Summary
 10. Slow Model Minimum Pulse Width Summary
 11. Propagation Delay
 12. Minimum Propagation Delay
 13. Fast Model Setup Summary
 14. Fast Model Hold Summary
 15. Fast Model Recovery Summary
 16. Fast Model Removal Summary
 17. Fast Model Minimum Pulse Width Summary
 18. Propagation Delay
 19. Minimum Propagation Delay
 20. Multicorner Timing Analysis Summary
 21. Progagation Delay
 22. Minimum Progagation Delay
 23. Clock Transfers
 24. Report TCCS
 25. Report RSKM
 26. Unconstrained Paths
 27. TimeQuest Timing Analyzer Messages



----------------
; Legal Notice ;
----------------
Copyright (C) 1991-2013 Altera Corporation
Your use of Altera Corporation's design tools, logic functions 
and other software and tools, and its AMPP partner logic 
functions, and any output files from any of the foregoing 
(including device programming or simulation files), and any 
associated documentation or information are expressly subject 
to the terms and conditions of the Altera Program License 
Subscription Agreement, Altera MegaCore Function License 
Agreement, or other applicable license agreement, including, 
without limitation, that your use is for the sole purpose of 
programming logic devices manufactured by Altera and sold by 
Altera or its authorized distributors.  Please refer to the 
applicable agreement for further details.



+----------------------------------------------------------------------------------------+
; TimeQuest Timing Analyzer Summary                                                      ;
+--------------------+-------------------------------------------------------------------+
; Quartus II Version ; Version 13.0.1 Build 232 06/12/2013 Service Pack 1 SJ Web Edition ;
; Revision Name      ; MIC1                                                              ;
; Device Family      ; Cyclone II                                                        ;
; Device Name        ; EP2C5F256C6                                                       ;
; Timing Models      ; Final                                                             ;
; Delay Model        ; Combined                                                          ;
; Rise/Fall Delays   ; Unavailable                                                       ;
+--------------------+-------------------------------------------------------------------+


Parallel compilation was disabled, but you have multiple processors available. Enable parallel compilation to reduce compilation time.
+-------------------------------------+
; Parallel Compilation                ;
+----------------------------+--------+
; Processors                 ; Number ;
+----------------------------+--------+
; Number detected on machine ; 12     ;
; Maximum allowed            ; 1      ;
+----------------------------+--------+


----------
; Clocks ;
----------
No clocks to report.


---------------------------
; Slow Model Fmax Summary ;
---------------------------
No paths to report.


----------------------------
; Slow Model Setup Summary ;
----------------------------
No paths to report.


---------------------------
; Slow Model Hold Summary ;
---------------------------
No paths to report.


-------------------------------
; Slow Model Recovery Summary ;
-------------------------------
No paths to report.


------------------------------
; Slow Model Removal Summary ;
------------------------------
No paths to report.


------------------------------------------
; Slow Model Minimum Pulse Width Summary ;
------------------------------------------
No paths to report.


+--------------------------------------------------------------+
; Propagation Delay                                            ;
+------------+-------------+--------+--------+--------+--------+
; Input Port ; Output Port ; RR     ; RF     ; FR     ; FF     ;
+------------+-------------+--------+--------+--------+--------+
; INPUT[0]   ; OUTPUT[0]   ; 10.125 ;        ;        ; 10.125 ;
; INPUT[0]   ; OUTPUT[8]   ; 9.985  ;        ;        ; 9.985  ;
; INPUT[0]   ; Z           ;        ; 11.863 ; 11.863 ;        ;
; INPUT[1]   ; OUTPUT[1]   ; 9.722  ;        ;        ; 9.722  ;
; INPUT[1]   ; OUTPUT[9]   ; 10.139 ;        ;        ; 10.139 ;
; INPUT[1]   ; Z           ;        ; 11.482 ; 11.482 ;        ;
; INPUT[2]   ; OUTPUT[2]   ; 10.140 ;        ;        ; 10.140 ;
; INPUT[2]   ; OUTPUT[10]  ; 10.656 ;        ;        ; 10.656 ;
; INPUT[2]   ; Z           ;        ; 13.091 ; 13.091 ;        ;
; INPUT[3]   ; OUTPUT[3]   ; 10.556 ;        ;        ; 10.556 ;
; INPUT[3]   ; OUTPUT[11]  ; 10.651 ;        ;        ; 10.651 ;
; INPUT[3]   ; Z           ;        ; 13.003 ; 13.003 ;        ;
; INPUT[4]   ; OUTPUT[4]   ; 10.816 ;        ;        ; 10.816 ;
; INPUT[4]   ; OUTPUT[12]  ; 10.656 ;        ;        ; 10.656 ;
; INPUT[4]   ; Z           ;        ; 12.926 ; 12.926 ;        ;
; INPUT[5]   ; OUTPUT[5]   ; 10.097 ;        ;        ; 10.097 ;
; INPUT[5]   ; OUTPUT[13]  ; 10.564 ;        ;        ; 10.564 ;
; INPUT[5]   ; Z           ;        ; 12.980 ; 12.980 ;        ;
; INPUT[6]   ; OUTPUT[6]   ; 9.922  ;        ;        ; 9.922  ;
; INPUT[6]   ; OUTPUT[14]  ; 10.383 ;        ;        ; 10.383 ;
; INPUT[6]   ; Z           ;        ; 12.170 ; 12.170 ;        ;
; INPUT[7]   ; OUTPUT[7]   ; 10.084 ;        ;        ; 10.084 ;
; INPUT[7]   ; OUTPUT[15]  ; 10.181 ;        ;        ; 10.181 ;
; INPUT[7]   ; Z           ;        ; 12.339 ; 12.339 ;        ;
; INPUT[8]   ; OUTPUT[8]   ; 9.825  ;        ;        ; 9.825  ;
; INPUT[8]   ; OUTPUT[16]  ; 9.809  ;        ;        ; 9.809  ;
; INPUT[8]   ; Z           ;        ; 12.335 ; 12.335 ;        ;
; INPUT[9]   ; OUTPUT[9]   ; 9.998  ;        ;        ; 9.998  ;
; INPUT[9]   ; OUTPUT[17]  ; 10.071 ;        ;        ; 10.071 ;
; INPUT[9]   ; Z           ;        ; 11.588 ; 11.588 ;        ;
; INPUT[10]  ; OUTPUT[10]  ; 10.242 ;        ;        ; 10.242 ;
; INPUT[10]  ; OUTPUT[18]  ; 10.369 ;        ;        ; 10.369 ;
; INPUT[10]  ; Z           ;        ; 12.677 ; 12.677 ;        ;
; INPUT[11]  ; OUTPUT[11]  ; 6.384  ;        ;        ; 6.384  ;
; INPUT[11]  ; OUTPUT[19]  ; 6.425  ;        ;        ; 6.425  ;
; INPUT[11]  ; Z           ;        ; 8.736  ; 8.736  ;        ;
; INPUT[12]  ; OUTPUT[12]  ; 6.348  ;        ;        ; 6.348  ;
; INPUT[12]  ; OUTPUT[20]  ; 6.402  ;        ;        ; 6.402  ;
; INPUT[12]  ; Z           ;        ; 8.751  ; 8.751  ;        ;
; INPUT[13]  ; OUTPUT[13]  ; 6.506  ;        ;        ; 6.506  ;
; INPUT[13]  ; OUTPUT[21]  ; 6.587  ;        ;        ; 6.587  ;
; INPUT[13]  ; Z           ;        ; 8.922  ; 8.922  ;        ;
; INPUT[14]  ; OUTPUT[14]  ; 6.085  ;        ;        ; 6.085  ;
; INPUT[14]  ; OUTPUT[22]  ; 5.974  ;        ;        ; 5.974  ;
; INPUT[14]  ; Z           ;        ; 7.862  ; 7.862  ;        ;
; INPUT[15]  ; OUTPUT[15]  ; 9.896  ;        ;        ; 9.896  ;
; INPUT[15]  ; OUTPUT[23]  ; 9.988  ;        ;        ; 9.988  ;
; INPUT[15]  ; Z           ;        ; 11.796 ; 11.796 ;        ;
; INPUT[16]  ; OUTPUT[16]  ; 10.103 ;        ;        ; 10.103 ;
; INPUT[16]  ; OUTPUT[24]  ; 10.171 ;        ;        ; 10.171 ;
; INPUT[16]  ; Z           ;        ; 12.629 ; 12.629 ;        ;
; INPUT[17]  ; OUTPUT[17]  ; 10.282 ;        ;        ; 10.282 ;
; INPUT[17]  ; OUTPUT[25]  ; 10.262 ;        ;        ; 10.262 ;
; INPUT[17]  ; Z           ;        ; 11.799 ; 11.799 ;        ;
; INPUT[18]  ; OUTPUT[18]  ; 10.489 ;        ;        ; 10.489 ;
; INPUT[18]  ; OUTPUT[26]  ; 10.355 ;        ;        ; 10.355 ;
; INPUT[18]  ; Z           ;        ; 12.614 ; 12.614 ;        ;
; INPUT[19]  ; OUTPUT[19]  ; 10.272 ;        ;        ; 10.272 ;
; INPUT[19]  ; OUTPUT[27]  ; 10.424 ;        ;        ; 10.424 ;
; INPUT[19]  ; Z           ;        ; 12.579 ; 12.579 ;        ;
; INPUT[20]  ; OUTPUT[20]  ; 10.397 ;        ;        ; 10.397 ;
; INPUT[20]  ; OUTPUT[28]  ; 10.345 ;        ;        ; 10.345 ;
; INPUT[20]  ; Z           ;        ; 12.746 ; 12.746 ;        ;
; INPUT[21]  ; OUTPUT[21]  ; 10.709 ;        ;        ; 10.709 ;
; INPUT[21]  ; OUTPUT[29]  ; 10.687 ;        ;        ; 10.687 ;
; INPUT[21]  ; Z           ;        ; 12.780 ; 12.780 ;        ;
; INPUT[22]  ; OUTPUT[22]  ; 10.163 ;        ;        ; 10.163 ;
; INPUT[22]  ; OUTPUT[30]  ; 10.228 ;        ;        ; 10.228 ;
; INPUT[22]  ; Z           ;        ; 11.430 ; 11.430 ;        ;
; INPUT[23]  ; N           ; 9.883  ;        ;        ; 9.883  ;
; INPUT[23]  ; OUTPUT[23]  ; 10.239 ;        ;        ; 10.239 ;
; INPUT[23]  ; OUTPUT[31]  ; 9.863  ;        ;        ; 9.863  ;
; INPUT[23]  ; Z           ;        ; 11.115 ; 11.115 ;        ;
; INPUT[24]  ; OUTPUT[24]  ; 9.650  ;        ;        ; 9.650  ;
; INPUT[24]  ; Z           ;        ; 10.953 ; 10.953 ;        ;
; INPUT[25]  ; OUTPUT[25]  ; 10.019 ;        ;        ; 10.019 ;
; INPUT[25]  ; Z           ;        ; 11.022 ; 11.022 ;        ;
; INPUT[26]  ; OUTPUT[26]  ; 10.531 ;        ;        ; 10.531 ;
; INPUT[26]  ; Z           ;        ; 12.367 ; 12.367 ;        ;
; INPUT[27]  ; OUTPUT[27]  ; 10.522 ;        ;        ; 10.522 ;
; INPUT[27]  ; Z           ;        ; 12.170 ; 12.170 ;        ;
; INPUT[28]  ; OUTPUT[28]  ; 10.509 ;        ;        ; 10.509 ;
; INPUT[28]  ; Z           ;        ; 12.082 ; 12.082 ;        ;
; INPUT[29]  ; OUTPUT[29]  ; 10.256 ;        ;        ; 10.256 ;
; INPUT[29]  ; Z           ;        ; 12.016 ; 12.016 ;        ;
; INPUT[30]  ; OUTPUT[30]  ; 9.927  ;        ;        ; 9.927  ;
; INPUT[30]  ; Z           ;        ; 10.854 ; 10.854 ;        ;
; INPUT[31]  ; N           ; 10.033 ;        ;        ; 10.033 ;
; INPUT[31]  ; OUTPUT[31]  ; 10.013 ;        ;        ; 10.013 ;
; INPUT[31]  ; Z           ;        ; 11.118 ; 11.118 ;        ;
; MIR[22]    ; N           ; 10.466 ; 10.466 ; 10.466 ; 10.466 ;
; MIR[22]    ; OUTPUT[0]   ; 10.598 ; 10.598 ; 10.598 ; 10.598 ;
; MIR[22]    ; OUTPUT[1]   ; 10.280 ; 10.280 ; 10.280 ; 10.280 ;
; MIR[22]    ; OUTPUT[2]   ; 10.080 ; 10.080 ; 10.080 ; 10.080 ;
; MIR[22]    ; OUTPUT[3]   ; 10.543 ; 10.543 ; 10.543 ; 10.543 ;
; MIR[22]    ; OUTPUT[4]   ; 10.443 ; 10.443 ; 10.443 ; 10.443 ;
; MIR[22]    ; OUTPUT[5]   ; 10.710 ; 10.710 ; 10.710 ; 10.710 ;
; MIR[22]    ; OUTPUT[6]   ; 10.445 ; 10.445 ; 10.445 ; 10.445 ;
; MIR[22]    ; OUTPUT[7]   ; 10.436 ; 10.436 ; 10.436 ; 10.436 ;
; MIR[22]    ; OUTPUT[8]   ; 10.436 ; 10.436 ; 10.436 ; 10.436 ;
; MIR[22]    ; OUTPUT[9]   ; 10.500 ; 10.500 ; 10.500 ; 10.500 ;
; MIR[22]    ; OUTPUT[10]  ; 10.459 ; 10.459 ; 10.459 ; 10.459 ;
; MIR[22]    ; OUTPUT[11]  ; 10.444 ; 10.444 ; 10.444 ; 10.444 ;
; MIR[22]    ; OUTPUT[12]  ; 10.431 ; 10.431 ; 10.431 ; 10.431 ;
; MIR[22]    ; OUTPUT[13]  ; 10.522 ; 10.522 ; 10.522 ; 10.522 ;
; MIR[22]    ; OUTPUT[14]  ; 10.429 ; 10.429 ; 10.429 ; 10.429 ;
; MIR[22]    ; OUTPUT[15]  ; 10.332 ; 10.332 ; 10.332 ; 10.332 ;
; MIR[22]    ; OUTPUT[16]  ; 10.445 ; 10.445 ; 10.445 ; 10.445 ;
; MIR[22]    ; OUTPUT[17]  ; 10.460 ; 10.460 ; 10.460 ; 10.460 ;
; MIR[22]    ; OUTPUT[18]  ; 10.585 ; 10.585 ; 10.585 ; 10.585 ;
; MIR[22]    ; OUTPUT[19]  ; 10.496 ; 10.496 ; 10.496 ; 10.496 ;
; MIR[22]    ; OUTPUT[20]  ; 10.490 ; 10.490 ; 10.490 ; 10.490 ;
; MIR[22]    ; OUTPUT[21]  ; 10.500 ; 10.500 ; 10.500 ; 10.500 ;
; MIR[22]    ; OUTPUT[22]  ; 10.318 ; 10.318 ; 10.318 ; 10.318 ;
; MIR[22]    ; OUTPUT[23]  ; 10.424 ; 10.424 ; 10.424 ; 10.424 ;
; MIR[22]    ; OUTPUT[24]  ; 10.491 ; 10.491 ; 10.491 ; 10.491 ;
; MIR[22]    ; OUTPUT[25]  ; 10.443 ; 10.443 ; 10.443 ; 10.443 ;
; MIR[22]    ; OUTPUT[26]  ; 10.443 ; 10.443 ; 10.443 ; 10.443 ;
; MIR[22]    ; OUTPUT[27]  ; 10.505 ; 10.505 ; 10.505 ; 10.505 ;
; MIR[22]    ; OUTPUT[28]  ; 10.445 ; 10.445 ; 10.445 ; 10.445 ;
; MIR[22]    ; OUTPUT[29]  ; 10.482 ; 10.482 ; 10.482 ; 10.482 ;
; MIR[22]    ; OUTPUT[30]  ; 10.383 ; 10.383 ; 10.383 ; 10.383 ;
; MIR[22]    ; OUTPUT[31]  ; 10.446 ; 10.446 ; 10.446 ; 10.446 ;
; MIR[22]    ; Z           ; 12.971 ; 12.971 ; 12.971 ; 12.971 ;
; MIR[23]    ; N           ; 10.621 ; 10.621 ; 10.621 ; 10.621 ;
; MIR[23]    ; OUTPUT[0]   ; 10.945 ; 10.945 ; 10.945 ; 10.945 ;
; MIR[23]    ; OUTPUT[1]   ; 10.513 ; 10.513 ; 10.513 ; 10.513 ;
; MIR[23]    ; OUTPUT[2]   ; 10.602 ; 10.602 ; 10.602 ; 10.602 ;
; MIR[23]    ; OUTPUT[3]   ; 10.747 ; 10.747 ; 10.747 ; 10.747 ;
; MIR[23]    ; OUTPUT[4]   ; 10.953 ; 10.953 ; 10.953 ; 10.953 ;
; MIR[23]    ; OUTPUT[5]   ; 10.931 ; 10.931 ; 10.931 ; 10.931 ;
; MIR[23]    ; OUTPUT[6]   ; 10.666 ; 10.666 ; 10.666 ; 10.666 ;
; MIR[23]    ; OUTPUT[7]   ; 10.633 ; 10.633 ; 10.633 ; 10.633 ;
; MIR[23]    ; OUTPUT[8]   ; 10.799 ; 10.799 ; 10.799 ; 10.799 ;
; MIR[23]    ; OUTPUT[9]   ; 10.668 ; 10.668 ; 10.668 ; 10.668 ;
; MIR[23]    ; OUTPUT[10]  ; 10.853 ; 10.853 ; 10.853 ; 10.853 ;
; MIR[23]    ; OUTPUT[11]  ; 10.845 ; 10.845 ; 10.845 ; 10.845 ;
; MIR[23]    ; OUTPUT[12]  ; 10.834 ; 10.834 ; 10.834 ; 10.834 ;
; MIR[23]    ; OUTPUT[13]  ; 10.915 ; 10.915 ; 10.915 ; 10.915 ;
; MIR[23]    ; OUTPUT[14]  ; 10.707 ; 10.707 ; 10.707 ; 10.707 ;
; MIR[23]    ; OUTPUT[15]  ; 10.612 ; 10.612 ; 10.612 ; 10.612 ;
; MIR[23]    ; OUTPUT[16]  ; 10.645 ; 10.645 ; 10.645 ; 10.645 ;
; MIR[23]    ; OUTPUT[17]  ; 10.740 ; 10.740 ; 10.740 ; 10.740 ;
; MIR[23]    ; OUTPUT[18]  ; 10.979 ; 10.979 ; 10.979 ; 10.979 ;
; MIR[23]    ; OUTPUT[19]  ; 10.891 ; 10.891 ; 10.891 ; 10.891 ;
; MIR[23]    ; OUTPUT[20]  ; 10.885 ; 10.885 ; 10.885 ; 10.885 ;
; MIR[23]    ; OUTPUT[21]  ; 10.903 ; 10.903 ; 10.903 ; 10.903 ;
; MIR[23]    ; OUTPUT[22]  ; 10.598 ; 10.598 ; 10.598 ; 10.598 ;
; MIR[23]    ; OUTPUT[23]  ; 10.705 ; 10.705 ; 10.705 ; 10.705 ;
; MIR[23]    ; OUTPUT[24]  ; 10.718 ; 10.718 ; 10.718 ; 10.718 ;
; MIR[23]    ; OUTPUT[25]  ; 10.721 ; 10.721 ; 10.721 ; 10.721 ;
; MIR[23]    ; OUTPUT[26]  ; 10.841 ; 10.841 ; 10.841 ; 10.841 ;
; MIR[23]    ; OUTPUT[27]  ; 10.899 ; 10.899 ; 10.899 ; 10.899 ;
; MIR[23]    ; OUTPUT[28]  ; 10.839 ; 10.839 ; 10.839 ; 10.839 ;
; MIR[23]    ; OUTPUT[29]  ; 10.878 ; 10.878 ; 10.878 ; 10.878 ;
; MIR[23]    ; OUTPUT[30]  ; 10.661 ; 10.661 ; 10.661 ; 10.661 ;
; MIR[23]    ; OUTPUT[31]  ; 10.601 ; 10.601 ; 10.601 ; 10.601 ;
; MIR[23]    ; Z           ; 13.331 ; 13.331 ; 13.331 ; 13.331 ;
+------------+-------------+--------+--------+--------+--------+


+--------------------------------------------------------------+
; Minimum Propagation Delay                                    ;
+------------+-------------+--------+--------+--------+--------+
; Input Port ; Output Port ; RR     ; RF     ; FR     ; FF     ;
+------------+-------------+--------+--------+--------+--------+
; INPUT[0]   ; OUTPUT[0]   ; 10.125 ;        ;        ; 10.125 ;
; INPUT[0]   ; OUTPUT[8]   ; 9.985  ;        ;        ; 9.985  ;
; INPUT[0]   ; Z           ;        ; 11.599 ; 11.599 ;        ;
; INPUT[1]   ; OUTPUT[1]   ; 9.722  ;        ;        ; 9.722  ;
; INPUT[1]   ; OUTPUT[9]   ; 10.139 ;        ;        ; 10.139 ;
; INPUT[1]   ; Z           ;        ; 11.308 ; 11.308 ;        ;
; INPUT[2]   ; OUTPUT[2]   ; 10.140 ;        ;        ; 10.140 ;
; INPUT[2]   ; OUTPUT[10]  ; 10.656 ;        ;        ; 10.656 ;
; INPUT[2]   ; Z           ;        ; 12.444 ; 12.444 ;        ;
; INPUT[3]   ; OUTPUT[3]   ; 10.556 ;        ;        ; 10.556 ;
; INPUT[3]   ; OUTPUT[11]  ; 10.651 ;        ;        ; 10.651 ;
; INPUT[3]   ; Z           ;        ; 12.727 ; 12.727 ;        ;
; INPUT[4]   ; OUTPUT[4]   ; 10.816 ;        ;        ; 10.816 ;
; INPUT[4]   ; OUTPUT[12]  ; 10.656 ;        ;        ; 10.656 ;
; INPUT[4]   ; Z           ;        ; 12.882 ; 12.882 ;        ;
; INPUT[5]   ; OUTPUT[5]   ; 10.097 ;        ;        ; 10.097 ;
; INPUT[5]   ; OUTPUT[13]  ; 10.564 ;        ;        ; 10.564 ;
; INPUT[5]   ; Z           ;        ; 12.118 ; 12.118 ;        ;
; INPUT[6]   ; OUTPUT[6]   ; 9.922  ;        ;        ; 9.922  ;
; INPUT[6]   ; OUTPUT[14]  ; 10.383 ;        ;        ; 10.383 ;
; INPUT[6]   ; Z           ;        ; 12.160 ; 12.160 ;        ;
; INPUT[7]   ; OUTPUT[7]   ; 10.084 ;        ;        ; 10.084 ;
; INPUT[7]   ; OUTPUT[15]  ; 10.181 ;        ;        ; 10.181 ;
; INPUT[7]   ; Z           ;        ; 12.081 ; 12.081 ;        ;
; INPUT[8]   ; OUTPUT[8]   ; 9.825  ;        ;        ; 9.825  ;
; INPUT[8]   ; OUTPUT[16]  ; 9.809  ;        ;        ; 9.809  ;
; INPUT[8]   ; Z           ;        ; 11.703 ; 11.703 ;        ;
; INPUT[9]   ; OUTPUT[9]   ; 9.998  ;        ;        ; 9.998  ;
; INPUT[9]   ; OUTPUT[17]  ; 10.071 ;        ;        ; 10.071 ;
; INPUT[9]   ; Z           ;        ; 11.167 ; 11.167 ;        ;
; INPUT[10]  ; OUTPUT[10]  ; 10.242 ;        ;        ; 10.242 ;
; INPUT[10]  ; OUTPUT[18]  ; 10.369 ;        ;        ; 10.369 ;
; INPUT[10]  ; Z           ;        ; 12.494 ; 12.494 ;        ;
; INPUT[11]  ; OUTPUT[11]  ; 6.384  ;        ;        ; 6.384  ;
; INPUT[11]  ; OUTPUT[19]  ; 6.425  ;        ;        ; 6.425  ;
; INPUT[11]  ; Z           ;        ; 8.732  ; 8.732  ;        ;
; INPUT[12]  ; OUTPUT[12]  ; 6.348  ;        ;        ; 6.348  ;
; INPUT[12]  ; OUTPUT[20]  ; 6.402  ;        ;        ; 6.402  ;
; INPUT[12]  ; Z           ;        ; 8.574  ; 8.574  ;        ;
; INPUT[13]  ; OUTPUT[13]  ; 6.506  ;        ;        ; 6.506  ;
; INPUT[13]  ; OUTPUT[21]  ; 6.587  ;        ;        ; 6.587  ;
; INPUT[13]  ; Z           ;        ; 8.658  ; 8.658  ;        ;
; INPUT[14]  ; OUTPUT[14]  ; 6.085  ;        ;        ; 6.085  ;
; INPUT[14]  ; OUTPUT[22]  ; 5.974  ;        ;        ; 5.974  ;
; INPUT[14]  ; Z           ;        ; 7.241  ; 7.241  ;        ;
; INPUT[15]  ; OUTPUT[15]  ; 9.896  ;        ;        ; 9.896  ;
; INPUT[15]  ; OUTPUT[23]  ; 9.988  ;        ;        ; 9.988  ;
; INPUT[15]  ; Z           ;        ; 10.864 ; 10.864 ;        ;
; INPUT[16]  ; OUTPUT[16]  ; 10.103 ;        ;        ; 10.103 ;
; INPUT[16]  ; OUTPUT[24]  ; 10.171 ;        ;        ; 10.171 ;
; INPUT[16]  ; Z           ;        ; 11.474 ; 11.474 ;        ;
; INPUT[17]  ; OUTPUT[17]  ; 10.282 ;        ;        ; 10.282 ;
; INPUT[17]  ; OUTPUT[25]  ; 10.262 ;        ;        ; 10.262 ;
; INPUT[17]  ; Z           ;        ; 11.265 ; 11.265 ;        ;
; INPUT[18]  ; OUTPUT[18]  ; 10.489 ;        ;        ; 10.489 ;
; INPUT[18]  ; OUTPUT[26]  ; 10.355 ;        ;        ; 10.355 ;
; INPUT[18]  ; Z           ;        ; 12.191 ; 12.191 ;        ;
; INPUT[19]  ; OUTPUT[19]  ; 10.272 ;        ;        ; 10.272 ;
; INPUT[19]  ; OUTPUT[27]  ; 10.424 ;        ;        ; 10.424 ;
; INPUT[19]  ; Z           ;        ; 12.072 ; 12.072 ;        ;
; INPUT[20]  ; OUTPUT[20]  ; 10.397 ;        ;        ; 10.397 ;
; INPUT[20]  ; OUTPUT[28]  ; 10.345 ;        ;        ; 10.345 ;
; INPUT[20]  ; Z           ;        ; 11.918 ; 11.918 ;        ;
; INPUT[21]  ; OUTPUT[21]  ; 10.709 ;        ;        ; 10.709 ;
; INPUT[21]  ; OUTPUT[29]  ; 10.687 ;        ;        ; 10.687 ;
; INPUT[21]  ; Z           ;        ; 12.447 ; 12.447 ;        ;
; INPUT[22]  ; OUTPUT[22]  ; 10.163 ;        ;        ; 10.163 ;
; INPUT[22]  ; OUTPUT[30]  ; 10.228 ;        ;        ; 10.228 ;
; INPUT[22]  ; Z           ;        ; 11.155 ; 11.155 ;        ;
; INPUT[23]  ; N           ; 9.883  ;        ;        ; 9.883  ;
; INPUT[23]  ; OUTPUT[23]  ; 10.239 ;        ;        ; 10.239 ;
; INPUT[23]  ; OUTPUT[31]  ; 9.863  ;        ;        ; 9.863  ;
; INPUT[23]  ; Z           ;        ; 10.968 ; 10.968 ;        ;
; INPUT[24]  ; OUTPUT[24]  ; 9.650  ;        ;        ; 9.650  ;
; INPUT[24]  ; Z           ;        ; 10.953 ; 10.953 ;        ;
; INPUT[25]  ; OUTPUT[25]  ; 10.019 ;        ;        ; 10.019 ;
; INPUT[25]  ; Z           ;        ; 11.022 ; 11.022 ;        ;
; INPUT[26]  ; OUTPUT[26]  ; 10.531 ;        ;        ; 10.531 ;
; INPUT[26]  ; Z           ;        ; 12.367 ; 12.367 ;        ;
; INPUT[27]  ; OUTPUT[27]  ; 10.522 ;        ;        ; 10.522 ;
; INPUT[27]  ; Z           ;        ; 12.170 ; 12.170 ;        ;
; INPUT[28]  ; OUTPUT[28]  ; 10.509 ;        ;        ; 10.509 ;
; INPUT[28]  ; Z           ;        ; 12.082 ; 12.082 ;        ;
; INPUT[29]  ; OUTPUT[29]  ; 10.256 ;        ;        ; 10.256 ;
; INPUT[29]  ; Z           ;        ; 12.016 ; 12.016 ;        ;
; INPUT[30]  ; OUTPUT[30]  ; 9.927  ;        ;        ; 9.927  ;
; INPUT[30]  ; Z           ;        ; 10.854 ; 10.854 ;        ;
; INPUT[31]  ; N           ; 10.033 ;        ;        ; 10.033 ;
; INPUT[31]  ; OUTPUT[31]  ; 10.013 ;        ;        ; 10.013 ;
; INPUT[31]  ; Z           ;        ; 11.118 ; 11.118 ;        ;
; MIR[22]    ; N           ; 10.466 ; 10.466 ; 10.466 ; 10.466 ;
; MIR[22]    ; OUTPUT[0]   ; 10.598 ; 10.598 ; 10.598 ; 10.598 ;
; MIR[22]    ; OUTPUT[1]   ; 10.280 ; 10.280 ; 10.280 ; 10.280 ;
; MIR[22]    ; OUTPUT[2]   ; 10.080 ; 10.080 ; 10.080 ; 10.080 ;
; MIR[22]    ; OUTPUT[3]   ; 10.543 ; 10.543 ; 10.543 ; 10.543 ;
; MIR[22]    ; OUTPUT[4]   ; 10.443 ; 10.443 ; 10.443 ; 10.443 ;
; MIR[22]    ; OUTPUT[5]   ; 10.710 ; 10.710 ; 10.710 ; 10.710 ;
; MIR[22]    ; OUTPUT[6]   ; 10.445 ; 10.445 ; 10.445 ; 10.445 ;
; MIR[22]    ; OUTPUT[7]   ; 10.436 ; 10.436 ; 10.436 ; 10.436 ;
; MIR[22]    ; OUTPUT[8]   ; 10.436 ; 10.436 ; 10.436 ; 10.436 ;
; MIR[22]    ; OUTPUT[9]   ; 10.500 ; 10.500 ; 10.500 ; 10.500 ;
; MIR[22]    ; OUTPUT[10]  ; 10.459 ; 10.459 ; 10.459 ; 10.459 ;
; MIR[22]    ; OUTPUT[11]  ; 10.444 ; 10.444 ; 10.444 ; 10.444 ;
; MIR[22]    ; OUTPUT[12]  ; 10.431 ; 10.431 ; 10.431 ; 10.431 ;
; MIR[22]    ; OUTPUT[13]  ; 10.522 ; 10.522 ; 10.522 ; 10.522 ;
; MIR[22]    ; OUTPUT[14]  ; 10.429 ; 10.429 ; 10.429 ; 10.429 ;
; MIR[22]    ; OUTPUT[15]  ; 10.332 ; 10.332 ; 10.332 ; 10.332 ;
; MIR[22]    ; OUTPUT[16]  ; 10.445 ; 10.445 ; 10.445 ; 10.445 ;
; MIR[22]    ; OUTPUT[17]  ; 10.460 ; 10.460 ; 10.460 ; 10.460 ;
; MIR[22]    ; OUTPUT[18]  ; 10.585 ; 10.585 ; 10.585 ; 10.585 ;
; MIR[22]    ; OUTPUT[19]  ; 10.496 ; 10.496 ; 10.496 ; 10.496 ;
; MIR[22]    ; OUTPUT[20]  ; 10.490 ; 10.490 ; 10.490 ; 10.490 ;
; MIR[22]    ; OUTPUT[21]  ; 10.500 ; 10.500 ; 10.500 ; 10.500 ;
; MIR[22]    ; OUTPUT[22]  ; 10.318 ; 10.318 ; 10.318 ; 10.318 ;
; MIR[22]    ; OUTPUT[23]  ; 10.424 ; 10.424 ; 10.424 ; 10.424 ;
; MIR[22]    ; OUTPUT[24]  ; 10.491 ; 10.491 ; 10.491 ; 10.491 ;
; MIR[22]    ; OUTPUT[25]  ; 10.443 ; 10.443 ; 10.443 ; 10.443 ;
; MIR[22]    ; OUTPUT[26]  ; 10.443 ; 10.443 ; 10.443 ; 10.443 ;
; MIR[22]    ; OUTPUT[27]  ; 10.505 ; 10.505 ; 10.505 ; 10.505 ;
; MIR[22]    ; OUTPUT[28]  ; 10.445 ; 10.445 ; 10.445 ; 10.445 ;
; MIR[22]    ; OUTPUT[29]  ; 10.482 ; 10.482 ; 10.482 ; 10.482 ;
; MIR[22]    ; OUTPUT[30]  ; 10.383 ; 10.383 ; 10.383 ; 10.383 ;
; MIR[22]    ; OUTPUT[31]  ; 10.446 ; 10.446 ; 10.446 ; 10.446 ;
; MIR[22]    ; Z           ; 11.300 ; 11.300 ; 11.300 ; 11.300 ;
; MIR[23]    ; N           ; 10.621 ; 10.621 ; 10.621 ; 10.621 ;
; MIR[23]    ; OUTPUT[0]   ; 10.945 ; 10.945 ; 10.945 ; 10.945 ;
; MIR[23]    ; OUTPUT[1]   ; 10.513 ; 10.513 ; 10.513 ; 10.513 ;
; MIR[23]    ; OUTPUT[2]   ; 10.602 ; 10.602 ; 10.602 ; 10.602 ;
; MIR[23]    ; OUTPUT[3]   ; 10.747 ; 10.747 ; 10.747 ; 10.747 ;
; MIR[23]    ; OUTPUT[4]   ; 10.953 ; 10.953 ; 10.953 ; 10.953 ;
; MIR[23]    ; OUTPUT[5]   ; 10.931 ; 10.931 ; 10.931 ; 10.931 ;
; MIR[23]    ; OUTPUT[6]   ; 10.666 ; 10.666 ; 10.666 ; 10.666 ;
; MIR[23]    ; OUTPUT[7]   ; 10.633 ; 10.633 ; 10.633 ; 10.633 ;
; MIR[23]    ; OUTPUT[8]   ; 10.799 ; 10.799 ; 10.799 ; 10.799 ;
; MIR[23]    ; OUTPUT[9]   ; 10.668 ; 10.668 ; 10.668 ; 10.668 ;
; MIR[23]    ; OUTPUT[10]  ; 10.853 ; 10.853 ; 10.853 ; 10.853 ;
; MIR[23]    ; OUTPUT[11]  ; 10.845 ; 10.845 ; 10.845 ; 10.845 ;
; MIR[23]    ; OUTPUT[12]  ; 10.834 ; 10.834 ; 10.834 ; 10.834 ;
; MIR[23]    ; OUTPUT[13]  ; 10.915 ; 10.915 ; 10.915 ; 10.915 ;
; MIR[23]    ; OUTPUT[14]  ; 10.707 ; 10.707 ; 10.707 ; 10.707 ;
; MIR[23]    ; OUTPUT[15]  ; 10.612 ; 10.612 ; 10.612 ; 10.612 ;
; MIR[23]    ; OUTPUT[16]  ; 10.645 ; 10.645 ; 10.645 ; 10.645 ;
; MIR[23]    ; OUTPUT[17]  ; 10.740 ; 10.740 ; 10.740 ; 10.740 ;
; MIR[23]    ; OUTPUT[18]  ; 10.979 ; 10.979 ; 10.979 ; 10.979 ;
; MIR[23]    ; OUTPUT[19]  ; 10.891 ; 10.891 ; 10.891 ; 10.891 ;
; MIR[23]    ; OUTPUT[20]  ; 10.885 ; 10.885 ; 10.885 ; 10.885 ;
; MIR[23]    ; OUTPUT[21]  ; 10.903 ; 10.903 ; 10.903 ; 10.903 ;
; MIR[23]    ; OUTPUT[22]  ; 10.598 ; 10.598 ; 10.598 ; 10.598 ;
; MIR[23]    ; OUTPUT[23]  ; 10.705 ; 10.705 ; 10.705 ; 10.705 ;
; MIR[23]    ; OUTPUT[24]  ; 10.718 ; 10.718 ; 10.718 ; 10.718 ;
; MIR[23]    ; OUTPUT[25]  ; 10.721 ; 10.721 ; 10.721 ; 10.721 ;
; MIR[23]    ; OUTPUT[26]  ; 10.841 ; 10.841 ; 10.841 ; 10.841 ;
; MIR[23]    ; OUTPUT[27]  ; 10.899 ; 10.899 ; 10.899 ; 10.899 ;
; MIR[23]    ; OUTPUT[28]  ; 10.839 ; 10.839 ; 10.839 ; 10.839 ;
; MIR[23]    ; OUTPUT[29]  ; 10.878 ; 10.878 ; 10.878 ; 10.878 ;
; MIR[23]    ; OUTPUT[30]  ; 10.661 ; 10.661 ; 10.661 ; 10.661 ;
; MIR[23]    ; OUTPUT[31]  ; 10.601 ; 10.601 ; 10.601 ; 10.601 ;
; MIR[23]    ; Z           ; 11.581 ; 11.581 ; 11.581 ; 11.581 ;
+------------+-------------+--------+--------+--------+--------+


----------------------------
; Fast Model Setup Summary ;
----------------------------
No paths to report.


---------------------------
; Fast Model Hold Summary ;
---------------------------
No paths to report.


-------------------------------
; Fast Model Recovery Summary ;
-------------------------------
No paths to report.


------------------------------
; Fast Model Removal Summary ;
------------------------------
No paths to report.


------------------------------------------
; Fast Model Minimum Pulse Width Summary ;
------------------------------------------
No paths to report.


+----------------------------------------------------------+
; Propagation Delay                                        ;
+------------+-------------+-------+-------+-------+-------+
; Input Port ; Output Port ; RR    ; RF    ; FR    ; FF    ;
+------------+-------------+-------+-------+-------+-------+
; INPUT[0]   ; OUTPUT[0]   ; 5.612 ;       ;       ; 5.612 ;
; INPUT[0]   ; OUTPUT[8]   ; 5.575 ;       ;       ; 5.575 ;
; INPUT[0]   ; Z           ;       ; 6.360 ; 6.360 ;       ;
; INPUT[1]   ; OUTPUT[1]   ; 5.412 ;       ;       ; 5.412 ;
; INPUT[1]   ; OUTPUT[9]   ; 5.595 ;       ;       ; 5.595 ;
; INPUT[1]   ; Z           ;       ; 6.182 ; 6.182 ;       ;
; INPUT[2]   ; OUTPUT[2]   ; 5.554 ;       ;       ; 5.554 ;
; INPUT[2]   ; OUTPUT[10]  ; 5.864 ;       ;       ; 5.864 ;
; INPUT[2]   ; Z           ;       ; 6.888 ; 6.888 ;       ;
; INPUT[3]   ; OUTPUT[3]   ; 5.778 ;       ;       ; 5.778 ;
; INPUT[3]   ; OUTPUT[11]  ; 5.907 ;       ;       ; 5.907 ;
; INPUT[3]   ; Z           ;       ; 6.871 ; 6.871 ;       ;
; INPUT[4]   ; OUTPUT[4]   ; 5.879 ;       ;       ; 5.879 ;
; INPUT[4]   ; OUTPUT[12]  ; 5.871 ;       ;       ; 5.871 ;
; INPUT[4]   ; Z           ;       ; 6.815 ; 6.815 ;       ;
; INPUT[5]   ; OUTPUT[5]   ; 5.533 ;       ;       ; 5.533 ;
; INPUT[5]   ; OUTPUT[13]  ; 5.837 ;       ;       ; 5.837 ;
; INPUT[5]   ; Z           ;       ; 6.848 ; 6.848 ;       ;
; INPUT[6]   ; OUTPUT[6]   ; 5.577 ;       ;       ; 5.577 ;
; INPUT[6]   ; OUTPUT[14]  ; 5.728 ;       ;       ; 5.728 ;
; INPUT[6]   ; Z           ;       ; 6.519 ; 6.519 ;       ;
; INPUT[7]   ; OUTPUT[7]   ; 5.583 ;       ;       ; 5.583 ;
; INPUT[7]   ; OUTPUT[15]  ; 5.644 ;       ;       ; 5.644 ;
; INPUT[7]   ; Z           ;       ; 6.544 ; 6.544 ;       ;
; INPUT[8]   ; OUTPUT[8]   ; 5.507 ;       ;       ; 5.507 ;
; INPUT[8]   ; OUTPUT[16]  ; 5.489 ;       ;       ; 5.489 ;
; INPUT[8]   ; Z           ;       ; 6.538 ; 6.538 ;       ;
; INPUT[9]   ; OUTPUT[9]   ; 5.542 ;       ;       ; 5.542 ;
; INPUT[9]   ; OUTPUT[17]  ; 5.585 ;       ;       ; 5.585 ;
; INPUT[9]   ; Z           ;       ; 6.232 ; 6.232 ;       ;
; INPUT[10]  ; OUTPUT[10]  ; 5.673 ;       ;       ; 5.673 ;
; INPUT[10]  ; OUTPUT[18]  ; 5.725 ;       ;       ; 5.725 ;
; INPUT[10]  ; Z           ;       ; 6.697 ; 6.697 ;       ;
; INPUT[11]  ; OUTPUT[11]  ; 3.295 ;       ;       ; 3.295 ;
; INPUT[11]  ; OUTPUT[19]  ; 3.304 ;       ;       ; 3.304 ;
; INPUT[11]  ; Z           ;       ; 4.279 ; 4.279 ;       ;
; INPUT[12]  ; OUTPUT[12]  ; 3.289 ;       ;       ; 3.289 ;
; INPUT[12]  ; OUTPUT[20]  ; 3.318 ;       ;       ; 3.318 ;
; INPUT[12]  ; Z           ;       ; 4.303 ; 4.303 ;       ;
; INPUT[13]  ; OUTPUT[13]  ; 3.366 ;       ;       ; 3.366 ;
; INPUT[13]  ; OUTPUT[21]  ; 3.401 ;       ;       ; 3.401 ;
; INPUT[13]  ; Z           ;       ; 4.377 ; 4.377 ;       ;
; INPUT[14]  ; OUTPUT[14]  ; 3.131 ;       ;       ; 3.131 ;
; INPUT[14]  ; OUTPUT[22]  ; 3.128 ;       ;       ; 3.128 ;
; INPUT[14]  ; Z           ;       ; 3.922 ; 3.922 ;       ;
; INPUT[15]  ; OUTPUT[15]  ; 5.544 ;       ;       ; 5.544 ;
; INPUT[15]  ; OUTPUT[23]  ; 5.527 ;       ;       ; 5.527 ;
; INPUT[15]  ; Z           ;       ; 6.325 ; 6.325 ;       ;
; INPUT[16]  ; OUTPUT[16]  ; 5.623 ;       ;       ; 5.623 ;
; INPUT[16]  ; OUTPUT[24]  ; 5.651 ;       ;       ; 5.651 ;
; INPUT[16]  ; Z           ;       ; 6.672 ; 6.672 ;       ;
; INPUT[17]  ; OUTPUT[17]  ; 5.637 ;       ;       ; 5.637 ;
; INPUT[17]  ; OUTPUT[25]  ; 5.620 ;       ;       ; 5.620 ;
; INPUT[17]  ; Z           ;       ; 6.284 ; 6.284 ;       ;
; INPUT[18]  ; OUTPUT[18]  ; 5.782 ;       ;       ; 5.782 ;
; INPUT[18]  ; OUTPUT[26]  ; 5.722 ;       ;       ; 5.722 ;
; INPUT[18]  ; Z           ;       ; 6.643 ; 6.643 ;       ;
; INPUT[19]  ; OUTPUT[19]  ; 5.674 ;       ;       ; 5.674 ;
; INPUT[19]  ; OUTPUT[27]  ; 5.752 ;       ;       ; 5.752 ;
; INPUT[19]  ; Z           ;       ; 6.649 ; 6.649 ;       ;
; INPUT[20]  ; OUTPUT[20]  ; 5.740 ;       ;       ; 5.740 ;
; INPUT[20]  ; OUTPUT[28]  ; 5.702 ;       ;       ; 5.702 ;
; INPUT[20]  ; Z           ;       ; 6.725 ; 6.725 ;       ;
; INPUT[21]  ; OUTPUT[21]  ; 5.906 ;       ;       ; 5.906 ;
; INPUT[21]  ; OUTPUT[29]  ; 5.883 ;       ;       ; 5.883 ;
; INPUT[21]  ; Z           ;       ; 6.741 ; 6.741 ;       ;
; INPUT[22]  ; OUTPUT[22]  ; 5.631 ;       ;       ; 5.631 ;
; INPUT[22]  ; OUTPUT[30]  ; 5.597 ;       ;       ; 5.597 ;
; INPUT[22]  ; Z           ;       ; 6.144 ; 6.144 ;       ;
; INPUT[23]  ; N           ; 5.514 ;       ;       ; 5.514 ;
; INPUT[23]  ; OUTPUT[23]  ; 5.610 ;       ;       ; 5.610 ;
; INPUT[23]  ; OUTPUT[31]  ; 5.494 ;       ;       ; 5.494 ;
; INPUT[23]  ; Z           ;       ; 5.967 ; 5.967 ;       ;
; INPUT[24]  ; OUTPUT[24]  ; 5.402 ;       ;       ; 5.402 ;
; INPUT[24]  ; Z           ;       ; 5.913 ; 5.913 ;       ;
; INPUT[25]  ; OUTPUT[25]  ; 5.545 ;       ;       ; 5.545 ;
; INPUT[25]  ; Z           ;       ; 5.979 ; 5.979 ;       ;
; INPUT[26]  ; OUTPUT[26]  ; 5.829 ;       ;       ; 5.829 ;
; INPUT[26]  ; Z           ;       ; 6.592 ; 6.592 ;       ;
; INPUT[27]  ; OUTPUT[27]  ; 5.793 ;       ;       ; 5.793 ;
; INPUT[27]  ; Z           ;       ; 6.450 ; 6.450 ;       ;
; INPUT[28]  ; OUTPUT[28]  ; 5.792 ;       ;       ; 5.792 ;
; INPUT[28]  ; Z           ;       ; 6.436 ; 6.436 ;       ;
; INPUT[29]  ; OUTPUT[29]  ; 5.675 ;       ;       ; 5.675 ;
; INPUT[29]  ; Z           ;       ; 6.413 ; 6.413 ;       ;
; INPUT[30]  ; OUTPUT[30]  ; 5.462 ;       ;       ; 5.462 ;
; INPUT[30]  ; Z           ;       ; 5.877 ; 5.877 ;       ;
; INPUT[31]  ; N           ; 5.612 ;       ;       ; 5.612 ;
; INPUT[31]  ; OUTPUT[31]  ; 5.592 ;       ;       ; 5.592 ;
; INPUT[31]  ; Z           ;       ; 6.021 ; 6.021 ;       ;
; MIR[22]    ; N           ; 5.784 ; 5.784 ; 5.784 ; 5.784 ;
; MIR[22]    ; OUTPUT[0]   ; 5.783 ; 5.783 ; 5.783 ; 5.783 ;
; MIR[22]    ; OUTPUT[1]   ; 5.636 ; 5.636 ; 5.636 ; 5.636 ;
; MIR[22]    ; OUTPUT[2]   ; 5.527 ; 5.527 ; 5.527 ; 5.527 ;
; MIR[22]    ; OUTPUT[3]   ; 5.736 ; 5.736 ; 5.736 ; 5.736 ;
; MIR[22]    ; OUTPUT[4]   ; 5.704 ; 5.704 ; 5.704 ; 5.704 ;
; MIR[22]    ; OUTPUT[5]   ; 5.820 ; 5.820 ; 5.820 ; 5.820 ;
; MIR[22]    ; OUTPUT[6]   ; 5.778 ; 5.778 ; 5.778 ; 5.778 ;
; MIR[22]    ; OUTPUT[7]   ; 5.746 ; 5.746 ; 5.746 ; 5.746 ;
; MIR[22]    ; OUTPUT[8]   ; 5.776 ; 5.776 ; 5.776 ; 5.776 ;
; MIR[22]    ; OUTPUT[9]   ; 5.755 ; 5.755 ; 5.755 ; 5.755 ;
; MIR[22]    ; OUTPUT[10]  ; 5.802 ; 5.802 ; 5.802 ; 5.802 ;
; MIR[22]    ; OUTPUT[11]  ; 5.789 ; 5.789 ; 5.789 ; 5.789 ;
; MIR[22]    ; OUTPUT[12]  ; 5.773 ; 5.773 ; 5.773 ; 5.773 ;
; MIR[22]    ; OUTPUT[13]  ; 5.829 ; 5.829 ; 5.829 ; 5.829 ;
; MIR[22]    ; OUTPUT[14]  ; 5.709 ; 5.709 ; 5.709 ; 5.709 ;
; MIR[22]    ; OUTPUT[15]  ; 5.720 ; 5.720 ; 5.720 ; 5.720 ;
; MIR[22]    ; OUTPUT[16]  ; 5.755 ; 5.755 ; 5.755 ; 5.755 ;
; MIR[22]    ; OUTPUT[17]  ; 5.728 ; 5.728 ; 5.728 ; 5.728 ;
; MIR[22]    ; OUTPUT[18]  ; 5.854 ; 5.854 ; 5.854 ; 5.854 ;
; MIR[22]    ; OUTPUT[19]  ; 5.811 ; 5.811 ; 5.811 ; 5.811 ;
; MIR[22]    ; OUTPUT[20]  ; 5.810 ; 5.810 ; 5.810 ; 5.810 ;
; MIR[22]    ; OUTPUT[21]  ; 5.821 ; 5.821 ; 5.821 ; 5.821 ;
; MIR[22]    ; OUTPUT[22]  ; 5.708 ; 5.708 ; 5.708 ; 5.708 ;
; MIR[22]    ; OUTPUT[23]  ; 5.703 ; 5.703 ; 5.703 ; 5.703 ;
; MIR[22]    ; OUTPUT[24]  ; 5.783 ; 5.783 ; 5.783 ; 5.783 ;
; MIR[22]    ; OUTPUT[25]  ; 5.719 ; 5.719 ; 5.719 ; 5.719 ;
; MIR[22]    ; OUTPUT[26]  ; 5.790 ; 5.790 ; 5.790 ; 5.790 ;
; MIR[22]    ; OUTPUT[27]  ; 5.820 ; 5.820 ; 5.820 ; 5.820 ;
; MIR[22]    ; OUTPUT[28]  ; 5.781 ; 5.781 ; 5.781 ; 5.781 ;
; MIR[22]    ; OUTPUT[29]  ; 5.806 ; 5.806 ; 5.806 ; 5.806 ;
; MIR[22]    ; OUTPUT[30]  ; 5.676 ; 5.676 ; 5.676 ; 5.676 ;
; MIR[22]    ; OUTPUT[31]  ; 5.764 ; 5.764 ; 5.764 ; 5.764 ;
; MIR[22]    ; Z           ; 6.840 ; 6.840 ; 6.840 ; 6.840 ;
; MIR[23]    ; N           ; 5.886 ; 5.886 ; 5.886 ; 5.886 ;
; MIR[23]    ; OUTPUT[0]   ; 5.984 ; 5.984 ; 5.984 ; 5.984 ;
; MIR[23]    ; OUTPUT[1]   ; 5.774 ; 5.774 ; 5.774 ; 5.774 ;
; MIR[23]    ; OUTPUT[2]   ; 5.817 ; 5.817 ; 5.817 ; 5.817 ;
; MIR[23]    ; OUTPUT[3]   ; 5.868 ; 5.868 ; 5.868 ; 5.868 ;
; MIR[23]    ; OUTPUT[4]   ; 5.985 ; 5.985 ; 5.985 ; 5.985 ;
; MIR[23]    ; OUTPUT[5]   ; 5.948 ; 5.948 ; 5.948 ; 5.948 ;
; MIR[23]    ; OUTPUT[6]   ; 5.906 ; 5.906 ; 5.906 ; 5.906 ;
; MIR[23]    ; OUTPUT[7]   ; 5.874 ; 5.874 ; 5.874 ; 5.874 ;
; MIR[23]    ; OUTPUT[8]   ; 5.974 ; 5.974 ; 5.974 ; 5.974 ;
; MIR[23]    ; OUTPUT[9]   ; 5.844 ; 5.844 ; 5.844 ; 5.844 ;
; MIR[23]    ; OUTPUT[10]  ; 6.001 ; 6.001 ; 6.001 ; 6.001 ;
; MIR[23]    ; OUTPUT[11]  ; 5.990 ; 5.990 ; 5.990 ; 5.990 ;
; MIR[23]    ; OUTPUT[12]  ; 5.977 ; 5.977 ; 5.977 ; 5.977 ;
; MIR[23]    ; OUTPUT[13]  ; 6.026 ; 6.026 ; 6.026 ; 6.026 ;
; MIR[23]    ; OUTPUT[14]  ; 5.867 ; 5.867 ; 5.867 ; 5.867 ;
; MIR[23]    ; OUTPUT[15]  ; 5.878 ; 5.878 ; 5.878 ; 5.878 ;
; MIR[23]    ; OUTPUT[16]  ; 5.887 ; 5.887 ; 5.887 ; 5.887 ;
; MIR[23]    ; OUTPUT[17]  ; 5.886 ; 5.886 ; 5.886 ; 5.886 ;
; MIR[23]    ; OUTPUT[18]  ; 6.053 ; 6.053 ; 6.053 ; 6.053 ;
; MIR[23]    ; OUTPUT[19]  ; 6.008 ; 6.008 ; 6.008 ; 6.008 ;
; MIR[23]    ; OUTPUT[20]  ; 6.009 ; 6.009 ; 6.009 ; 6.009 ;
; MIR[23]    ; OUTPUT[21]  ; 6.024 ; 6.024 ; 6.024 ; 6.024 ;
; MIR[23]    ; OUTPUT[22]  ; 5.866 ; 5.866 ; 5.866 ; 5.866 ;
; MIR[23]    ; OUTPUT[23]  ; 5.861 ; 5.861 ; 5.861 ; 5.861 ;
; MIR[23]    ; OUTPUT[24]  ; 5.914 ; 5.914 ; 5.914 ; 5.914 ;
; MIR[23]    ; OUTPUT[25]  ; 5.877 ; 5.877 ; 5.877 ; 5.877 ;
; MIR[23]    ; OUTPUT[26]  ; 5.990 ; 5.990 ; 5.990 ; 5.990 ;
; MIR[23]    ; OUTPUT[27]  ; 6.018 ; 6.018 ; 6.018 ; 6.018 ;
; MIR[23]    ; OUTPUT[28]  ; 5.978 ; 5.978 ; 5.978 ; 5.978 ;
; MIR[23]    ; OUTPUT[29]  ; 6.005 ; 6.005 ; 6.005 ; 6.005 ;
; MIR[23]    ; OUTPUT[30]  ; 5.834 ; 5.834 ; 5.834 ; 5.834 ;
; MIR[23]    ; OUTPUT[31]  ; 5.866 ; 5.866 ; 5.866 ; 5.866 ;
; MIR[23]    ; Z           ; 7.037 ; 7.037 ; 7.037 ; 7.037 ;
+------------+-------------+-------+-------+-------+-------+


+----------------------------------------------------------+
; Minimum Propagation Delay                                ;
+------------+-------------+-------+-------+-------+-------+
; Input Port ; Output Port ; RR    ; RF    ; FR    ; FF    ;
+------------+-------------+-------+-------+-------+-------+
; INPUT[0]   ; OUTPUT[0]   ; 5.612 ;       ;       ; 5.612 ;
; INPUT[0]   ; OUTPUT[8]   ; 5.575 ;       ;       ; 5.575 ;
; INPUT[0]   ; Z           ;       ; 6.248 ; 6.248 ;       ;
; INPUT[1]   ; OUTPUT[1]   ; 5.412 ;       ;       ; 5.412 ;
; INPUT[1]   ; OUTPUT[9]   ; 5.595 ;       ;       ; 5.595 ;
; INPUT[1]   ; Z           ;       ; 6.099 ; 6.099 ;       ;
; INPUT[2]   ; OUTPUT[2]   ; 5.554 ;       ;       ; 5.554 ;
; INPUT[2]   ; OUTPUT[10]  ; 5.864 ;       ;       ; 5.864 ;
; INPUT[2]   ; Z           ;       ; 6.587 ; 6.587 ;       ;
; INPUT[3]   ; OUTPUT[3]   ; 5.778 ;       ;       ; 5.778 ;
; INPUT[3]   ; OUTPUT[11]  ; 5.907 ;       ;       ; 5.907 ;
; INPUT[3]   ; Z           ;       ; 6.753 ; 6.753 ;       ;
; INPUT[4]   ; OUTPUT[4]   ; 5.879 ;       ;       ; 5.879 ;
; INPUT[4]   ; OUTPUT[12]  ; 5.871 ;       ;       ; 5.871 ;
; INPUT[4]   ; Z           ;       ; 6.793 ; 6.793 ;       ;
; INPUT[5]   ; OUTPUT[5]   ; 5.533 ;       ;       ; 5.533 ;
; INPUT[5]   ; OUTPUT[13]  ; 5.837 ;       ;       ; 5.837 ;
; INPUT[5]   ; Z           ;       ; 6.432 ; 6.432 ;       ;
; INPUT[6]   ; OUTPUT[6]   ; 5.577 ;       ;       ; 5.577 ;
; INPUT[6]   ; OUTPUT[14]  ; 5.728 ;       ;       ; 5.728 ;
; INPUT[6]   ; Z           ;       ; 6.505 ; 6.505 ;       ;
; INPUT[7]   ; OUTPUT[7]   ; 5.583 ;       ;       ; 5.583 ;
; INPUT[7]   ; OUTPUT[15]  ; 5.644 ;       ;       ; 5.644 ;
; INPUT[7]   ; Z           ;       ; 6.425 ; 6.425 ;       ;
; INPUT[8]   ; OUTPUT[8]   ; 5.507 ;       ;       ; 5.507 ;
; INPUT[8]   ; OUTPUT[16]  ; 5.489 ;       ;       ; 5.489 ;
; INPUT[8]   ; Z           ;       ; 6.292 ; 6.292 ;       ;
; INPUT[9]   ; OUTPUT[9]   ; 5.542 ;       ;       ; 5.542 ;
; INPUT[9]   ; OUTPUT[17]  ; 5.585 ;       ;       ; 5.585 ;
; INPUT[9]   ; Z           ;       ; 6.046 ; 6.046 ;       ;
; INPUT[10]  ; OUTPUT[10]  ; 5.673 ;       ;       ; 5.673 ;
; INPUT[10]  ; OUTPUT[18]  ; 5.725 ;       ;       ; 5.725 ;
; INPUT[10]  ; Z           ;       ; 6.586 ; 6.586 ;       ;
; INPUT[11]  ; OUTPUT[11]  ; 3.295 ;       ;       ; 3.295 ;
; INPUT[11]  ; OUTPUT[19]  ; 3.304 ;       ;       ; 3.304 ;
; INPUT[11]  ; Z           ;       ; 4.259 ; 4.259 ;       ;
; INPUT[12]  ; OUTPUT[12]  ; 3.289 ;       ;       ; 3.289 ;
; INPUT[12]  ; OUTPUT[20]  ; 3.318 ;       ;       ; 3.318 ;
; INPUT[12]  ; Z           ;       ; 4.211 ; 4.211 ;       ;
; INPUT[13]  ; OUTPUT[13]  ; 3.366 ;       ;       ; 3.366 ;
; INPUT[13]  ; OUTPUT[21]  ; 3.401 ;       ;       ; 3.401 ;
; INPUT[13]  ; Z           ;       ; 4.236 ; 4.236 ;       ;
; INPUT[14]  ; OUTPUT[14]  ; 3.131 ;       ;       ; 3.131 ;
; INPUT[14]  ; OUTPUT[22]  ; 3.128 ;       ;       ; 3.128 ;
; INPUT[14]  ; Z           ;       ; 3.641 ; 3.641 ;       ;
; INPUT[15]  ; OUTPUT[15]  ; 5.544 ;       ;       ; 5.544 ;
; INPUT[15]  ; OUTPUT[23]  ; 5.527 ;       ;       ; 5.527 ;
; INPUT[15]  ; Z           ;       ; 5.884 ; 5.884 ;       ;
; INPUT[16]  ; OUTPUT[16]  ; 5.623 ;       ;       ; 5.623 ;
; INPUT[16]  ; OUTPUT[24]  ; 5.651 ;       ;       ; 5.651 ;
; INPUT[16]  ; Z           ;       ; 6.162 ; 6.162 ;       ;
; INPUT[17]  ; OUTPUT[17]  ; 5.637 ;       ;       ; 5.637 ;
; INPUT[17]  ; OUTPUT[25]  ; 5.620 ;       ;       ; 5.620 ;
; INPUT[17]  ; Z           ;       ; 6.054 ; 6.054 ;       ;
; INPUT[18]  ; OUTPUT[18]  ; 5.782 ;       ;       ; 5.782 ;
; INPUT[18]  ; OUTPUT[26]  ; 5.722 ;       ;       ; 5.722 ;
; INPUT[18]  ; Z           ;       ; 6.485 ; 6.485 ;       ;
; INPUT[19]  ; OUTPUT[19]  ; 5.674 ;       ;       ; 5.674 ;
; INPUT[19]  ; OUTPUT[27]  ; 5.752 ;       ;       ; 5.752 ;
; INPUT[19]  ; Z           ;       ; 6.409 ; 6.409 ;       ;
; INPUT[20]  ; OUTPUT[20]  ; 5.740 ;       ;       ; 5.740 ;
; INPUT[20]  ; OUTPUT[28]  ; 5.702 ;       ;       ; 5.702 ;
; INPUT[20]  ; Z           ;       ; 6.346 ; 6.346 ;       ;
; INPUT[21]  ; OUTPUT[21]  ; 5.906 ;       ;       ; 5.906 ;
; INPUT[21]  ; OUTPUT[29]  ; 5.883 ;       ;       ; 5.883 ;
; INPUT[21]  ; Z           ;       ; 6.621 ; 6.621 ;       ;
; INPUT[22]  ; OUTPUT[22]  ; 5.631 ;       ;       ; 5.631 ;
; INPUT[22]  ; OUTPUT[30]  ; 5.597 ;       ;       ; 5.597 ;
; INPUT[22]  ; Z           ;       ; 6.012 ; 6.012 ;       ;
; INPUT[23]  ; N           ; 5.514 ;       ;       ; 5.514 ;
; INPUT[23]  ; OUTPUT[23]  ; 5.610 ;       ;       ; 5.610 ;
; INPUT[23]  ; OUTPUT[31]  ; 5.494 ;       ;       ; 5.494 ;
; INPUT[23]  ; Z           ;       ; 5.923 ; 5.923 ;       ;
; INPUT[24]  ; OUTPUT[24]  ; 5.402 ;       ;       ; 5.402 ;
; INPUT[24]  ; Z           ;       ; 5.913 ; 5.913 ;       ;
; INPUT[25]  ; OUTPUT[25]  ; 5.545 ;       ;       ; 5.545 ;
; INPUT[25]  ; Z           ;       ; 5.979 ; 5.979 ;       ;
; INPUT[26]  ; OUTPUT[26]  ; 5.829 ;       ;       ; 5.829 ;
; INPUT[26]  ; Z           ;       ; 6.592 ; 6.592 ;       ;
; INPUT[27]  ; OUTPUT[27]  ; 5.793 ;       ;       ; 5.793 ;
; INPUT[27]  ; Z           ;       ; 6.450 ; 6.450 ;       ;
; INPUT[28]  ; OUTPUT[28]  ; 5.792 ;       ;       ; 5.792 ;
; INPUT[28]  ; Z           ;       ; 6.436 ; 6.436 ;       ;
; INPUT[29]  ; OUTPUT[29]  ; 5.675 ;       ;       ; 5.675 ;
; INPUT[29]  ; Z           ;       ; 6.413 ; 6.413 ;       ;
; INPUT[30]  ; OUTPUT[30]  ; 5.462 ;       ;       ; 5.462 ;
; INPUT[30]  ; Z           ;       ; 5.877 ; 5.877 ;       ;
; INPUT[31]  ; N           ; 5.612 ;       ;       ; 5.612 ;
; INPUT[31]  ; OUTPUT[31]  ; 5.592 ;       ;       ; 5.592 ;
; INPUT[31]  ; Z           ;       ; 6.021 ; 6.021 ;       ;
; MIR[22]    ; N           ; 5.784 ; 5.784 ; 5.784 ; 5.784 ;
; MIR[22]    ; OUTPUT[0]   ; 5.783 ; 5.783 ; 5.783 ; 5.783 ;
; MIR[22]    ; OUTPUT[1]   ; 5.636 ; 5.636 ; 5.636 ; 5.636 ;
; MIR[22]    ; OUTPUT[2]   ; 5.527 ; 5.527 ; 5.527 ; 5.527 ;
; MIR[22]    ; OUTPUT[3]   ; 5.736 ; 5.736 ; 5.736 ; 5.736 ;
; MIR[22]    ; OUTPUT[4]   ; 5.704 ; 5.704 ; 5.704 ; 5.704 ;
; MIR[22]    ; OUTPUT[5]   ; 5.820 ; 5.820 ; 5.820 ; 5.820 ;
; MIR[22]    ; OUTPUT[6]   ; 5.778 ; 5.778 ; 5.778 ; 5.778 ;
; MIR[22]    ; OUTPUT[7]   ; 5.746 ; 5.746 ; 5.746 ; 5.746 ;
; MIR[22]    ; OUTPUT[8]   ; 5.776 ; 5.776 ; 5.776 ; 5.776 ;
; MIR[22]    ; OUTPUT[9]   ; 5.755 ; 5.755 ; 5.755 ; 5.755 ;
; MIR[22]    ; OUTPUT[10]  ; 5.802 ; 5.802 ; 5.802 ; 5.802 ;
; MIR[22]    ; OUTPUT[11]  ; 5.789 ; 5.789 ; 5.789 ; 5.789 ;
; MIR[22]    ; OUTPUT[12]  ; 5.773 ; 5.773 ; 5.773 ; 5.773 ;
; MIR[22]    ; OUTPUT[13]  ; 5.829 ; 5.829 ; 5.829 ; 5.829 ;
; MIR[22]    ; OUTPUT[14]  ; 5.709 ; 5.709 ; 5.709 ; 5.709 ;
; MIR[22]    ; OUTPUT[15]  ; 5.720 ; 5.720 ; 5.720 ; 5.720 ;
; MIR[22]    ; OUTPUT[16]  ; 5.755 ; 5.755 ; 5.755 ; 5.755 ;
; MIR[22]    ; OUTPUT[17]  ; 5.728 ; 5.728 ; 5.728 ; 5.728 ;
; MIR[22]    ; OUTPUT[18]  ; 5.854 ; 5.854 ; 5.854 ; 5.854 ;
; MIR[22]    ; OUTPUT[19]  ; 5.811 ; 5.811 ; 5.811 ; 5.811 ;
; MIR[22]    ; OUTPUT[20]  ; 5.810 ; 5.810 ; 5.810 ; 5.810 ;
; MIR[22]    ; OUTPUT[21]  ; 5.821 ; 5.821 ; 5.821 ; 5.821 ;
; MIR[22]    ; OUTPUT[22]  ; 5.708 ; 5.708 ; 5.708 ; 5.708 ;
; MIR[22]    ; OUTPUT[23]  ; 5.703 ; 5.703 ; 5.703 ; 5.703 ;
; MIR[22]    ; OUTPUT[24]  ; 5.783 ; 5.783 ; 5.783 ; 5.783 ;
; MIR[22]    ; OUTPUT[25]  ; 5.719 ; 5.719 ; 5.719 ; 5.719 ;
; MIR[22]    ; OUTPUT[26]  ; 5.790 ; 5.790 ; 5.790 ; 5.790 ;
; MIR[22]    ; OUTPUT[27]  ; 5.820 ; 5.820 ; 5.820 ; 5.820 ;
; MIR[22]    ; OUTPUT[28]  ; 5.781 ; 5.781 ; 5.781 ; 5.781 ;
; MIR[22]    ; OUTPUT[29]  ; 5.806 ; 5.806 ; 5.806 ; 5.806 ;
; MIR[22]    ; OUTPUT[30]  ; 5.676 ; 5.676 ; 5.676 ; 5.676 ;
; MIR[22]    ; OUTPUT[31]  ; 5.764 ; 5.764 ; 5.764 ; 5.764 ;
; MIR[22]    ; Z           ; 6.060 ; 6.060 ; 6.060 ; 6.060 ;
; MIR[23]    ; N           ; 5.886 ; 5.886 ; 5.886 ; 5.886 ;
; MIR[23]    ; OUTPUT[0]   ; 5.984 ; 5.984 ; 5.984 ; 5.984 ;
; MIR[23]    ; OUTPUT[1]   ; 5.774 ; 5.774 ; 5.774 ; 5.774 ;
; MIR[23]    ; OUTPUT[2]   ; 5.817 ; 5.817 ; 5.817 ; 5.817 ;
; MIR[23]    ; OUTPUT[3]   ; 5.868 ; 5.868 ; 5.868 ; 5.868 ;
; MIR[23]    ; OUTPUT[4]   ; 5.985 ; 5.985 ; 5.985 ; 5.985 ;
; MIR[23]    ; OUTPUT[5]   ; 5.948 ; 5.948 ; 5.948 ; 5.948 ;
; MIR[23]    ; OUTPUT[6]   ; 5.906 ; 5.906 ; 5.906 ; 5.906 ;
; MIR[23]    ; OUTPUT[7]   ; 5.874 ; 5.874 ; 5.874 ; 5.874 ;
; MIR[23]    ; OUTPUT[8]   ; 5.974 ; 5.974 ; 5.974 ; 5.974 ;
; MIR[23]    ; OUTPUT[9]   ; 5.844 ; 5.844 ; 5.844 ; 5.844 ;
; MIR[23]    ; OUTPUT[10]  ; 6.001 ; 6.001 ; 6.001 ; 6.001 ;
; MIR[23]    ; OUTPUT[11]  ; 5.990 ; 5.990 ; 5.990 ; 5.990 ;
; MIR[23]    ; OUTPUT[12]  ; 5.977 ; 5.977 ; 5.977 ; 5.977 ;
; MIR[23]    ; OUTPUT[13]  ; 6.026 ; 6.026 ; 6.026 ; 6.026 ;
; MIR[23]    ; OUTPUT[14]  ; 5.867 ; 5.867 ; 5.867 ; 5.867 ;
; MIR[23]    ; OUTPUT[15]  ; 5.878 ; 5.878 ; 5.878 ; 5.878 ;
; MIR[23]    ; OUTPUT[16]  ; 5.887 ; 5.887 ; 5.887 ; 5.887 ;
; MIR[23]    ; OUTPUT[17]  ; 5.886 ; 5.886 ; 5.886 ; 5.886 ;
; MIR[23]    ; OUTPUT[18]  ; 6.053 ; 6.053 ; 6.053 ; 6.053 ;
; MIR[23]    ; OUTPUT[19]  ; 6.008 ; 6.008 ; 6.008 ; 6.008 ;
; MIR[23]    ; OUTPUT[20]  ; 6.009 ; 6.009 ; 6.009 ; 6.009 ;
; MIR[23]    ; OUTPUT[21]  ; 6.024 ; 6.024 ; 6.024 ; 6.024 ;
; MIR[23]    ; OUTPUT[22]  ; 5.866 ; 5.866 ; 5.866 ; 5.866 ;
; MIR[23]    ; OUTPUT[23]  ; 5.861 ; 5.861 ; 5.861 ; 5.861 ;
; MIR[23]    ; OUTPUT[24]  ; 5.914 ; 5.914 ; 5.914 ; 5.914 ;
; MIR[23]    ; OUTPUT[25]  ; 5.877 ; 5.877 ; 5.877 ; 5.877 ;
; MIR[23]    ; OUTPUT[26]  ; 5.990 ; 5.990 ; 5.990 ; 5.990 ;
; MIR[23]    ; OUTPUT[27]  ; 6.018 ; 6.018 ; 6.018 ; 6.018 ;
; MIR[23]    ; OUTPUT[28]  ; 5.978 ; 5.978 ; 5.978 ; 5.978 ;
; MIR[23]    ; OUTPUT[29]  ; 6.005 ; 6.005 ; 6.005 ; 6.005 ;
; MIR[23]    ; OUTPUT[30]  ; 5.834 ; 5.834 ; 5.834 ; 5.834 ;
; MIR[23]    ; OUTPUT[31]  ; 5.866 ; 5.866 ; 5.866 ; 5.866 ;
; MIR[23]    ; Z           ; 6.218 ; 6.218 ; 6.218 ; 6.218 ;
+------------+-------------+-------+-------+-------+-------+


+----------------------------------------------------------------------------+
; Multicorner Timing Analysis Summary                                        ;
+------------------+-------+------+----------+---------+---------------------+
; Clock            ; Setup ; Hold ; Recovery ; Removal ; Minimum Pulse Width ;
+------------------+-------+------+----------+---------+---------------------+
; Worst-case Slack ; N/A   ; N/A  ; N/A      ; N/A     ; N/A                 ;
; Design-wide TNS  ; 0.0   ; 0.0  ; 0.0      ; 0.0     ; 0.0                 ;
+------------------+-------+------+----------+---------+---------------------+


+--------------------------------------------------------------+
; Progagation Delay                                            ;
+------------+-------------+--------+--------+--------+--------+
; Input Port ; Output Port ; RR     ; RF     ; FR     ; FF     ;
+------------+-------------+--------+--------+--------+--------+
; INPUT[0]   ; OUTPUT[0]   ; 10.125 ;        ;        ; 10.125 ;
; INPUT[0]   ; OUTPUT[8]   ; 9.985  ;        ;        ; 9.985  ;
; INPUT[0]   ; Z           ;        ; 11.863 ; 11.863 ;        ;
; INPUT[1]   ; OUTPUT[1]   ; 9.722  ;        ;        ; 9.722  ;
; INPUT[1]   ; OUTPUT[9]   ; 10.139 ;        ;        ; 10.139 ;
; INPUT[1]   ; Z           ;        ; 11.482 ; 11.482 ;        ;
; INPUT[2]   ; OUTPUT[2]   ; 10.140 ;        ;        ; 10.140 ;
; INPUT[2]   ; OUTPUT[10]  ; 10.656 ;        ;        ; 10.656 ;
; INPUT[2]   ; Z           ;        ; 13.091 ; 13.091 ;        ;
; INPUT[3]   ; OUTPUT[3]   ; 10.556 ;        ;        ; 10.556 ;
; INPUT[3]   ; OUTPUT[11]  ; 10.651 ;        ;        ; 10.651 ;
; INPUT[3]   ; Z           ;        ; 13.003 ; 13.003 ;        ;
; INPUT[4]   ; OUTPUT[4]   ; 10.816 ;        ;        ; 10.816 ;
; INPUT[4]   ; OUTPUT[12]  ; 10.656 ;        ;        ; 10.656 ;
; INPUT[4]   ; Z           ;        ; 12.926 ; 12.926 ;        ;
; INPUT[5]   ; OUTPUT[5]   ; 10.097 ;        ;        ; 10.097 ;
; INPUT[5]   ; OUTPUT[13]  ; 10.564 ;        ;        ; 10.564 ;
; INPUT[5]   ; Z           ;        ; 12.980 ; 12.980 ;        ;
; INPUT[6]   ; OUTPUT[6]   ; 9.922  ;        ;        ; 9.922  ;
; INPUT[6]   ; OUTPUT[14]  ; 10.383 ;        ;        ; 10.383 ;
; INPUT[6]   ; Z           ;        ; 12.170 ; 12.170 ;        ;
; INPUT[7]   ; OUTPUT[7]   ; 10.084 ;        ;        ; 10.084 ;
; INPUT[7]   ; OUTPUT[15]  ; 10.181 ;        ;        ; 10.181 ;
; INPUT[7]   ; Z           ;        ; 12.339 ; 12.339 ;        ;
; INPUT[8]   ; OUTPUT[8]   ; 9.825  ;        ;        ; 9.825  ;
; INPUT[8]   ; OUTPUT[16]  ; 9.809  ;        ;        ; 9.809  ;
; INPUT[8]   ; Z           ;        ; 12.335 ; 12.335 ;        ;
; INPUT[9]   ; OUTPUT[9]   ; 9.998  ;        ;        ; 9.998  ;
; INPUT[9]   ; OUTPUT[17]  ; 10.071 ;        ;        ; 10.071 ;
; INPUT[9]   ; Z           ;        ; 11.588 ; 11.588 ;        ;
; INPUT[10]  ; OUTPUT[10]  ; 10.242 ;        ;        ; 10.242 ;
; INPUT[10]  ; OUTPUT[18]  ; 10.369 ;        ;        ; 10.369 ;
; INPUT[10]  ; Z           ;        ; 12.677 ; 12.677 ;        ;
; INPUT[11]  ; OUTPUT[11]  ; 6.384  ;        ;        ; 6.384  ;
; INPUT[11]  ; OUTPUT[19]  ; 6.425  ;        ;        ; 6.425  ;
; INPUT[11]  ; Z           ;        ; 8.736  ; 8.736  ;        ;
; INPUT[12]  ; OUTPUT[12]  ; 6.348  ;        ;        ; 6.348  ;
; INPUT[12]  ; OUTPUT[20]  ; 6.402  ;        ;        ; 6.402  ;
; INPUT[12]  ; Z           ;        ; 8.751  ; 8.751  ;        ;
; INPUT[13]  ; OUTPUT[13]  ; 6.506  ;        ;        ; 6.506  ;
; INPUT[13]  ; OUTPUT[21]  ; 6.587  ;        ;        ; 6.587  ;
; INPUT[13]  ; Z           ;        ; 8.922  ; 8.922  ;        ;
; INPUT[14]  ; OUTPUT[14]  ; 6.085  ;        ;        ; 6.085  ;
; INPUT[14]  ; OUTPUT[22]  ; 5.974  ;        ;        ; 5.974  ;
; INPUT[14]  ; Z           ;        ; 7.862  ; 7.862  ;        ;
; INPUT[15]  ; OUTPUT[15]  ; 9.896  ;        ;        ; 9.896  ;
; INPUT[15]  ; OUTPUT[23]  ; 9.988  ;        ;        ; 9.988  ;
; INPUT[15]  ; Z           ;        ; 11.796 ; 11.796 ;        ;
; INPUT[16]  ; OUTPUT[16]  ; 10.103 ;        ;        ; 10.103 ;
; INPUT[16]  ; OUTPUT[24]  ; 10.171 ;        ;        ; 10.171 ;
; INPUT[16]  ; Z           ;        ; 12.629 ; 12.629 ;        ;
; INPUT[17]  ; OUTPUT[17]  ; 10.282 ;        ;        ; 10.282 ;
; INPUT[17]  ; OUTPUT[25]  ; 10.262 ;        ;        ; 10.262 ;
; INPUT[17]  ; Z           ;        ; 11.799 ; 11.799 ;        ;
; INPUT[18]  ; OUTPUT[18]  ; 10.489 ;        ;        ; 10.489 ;
; INPUT[18]  ; OUTPUT[26]  ; 10.355 ;        ;        ; 10.355 ;
; INPUT[18]  ; Z           ;        ; 12.614 ; 12.614 ;        ;
; INPUT[19]  ; OUTPUT[19]  ; 10.272 ;        ;        ; 10.272 ;
; INPUT[19]  ; OUTPUT[27]  ; 10.424 ;        ;        ; 10.424 ;
; INPUT[19]  ; Z           ;        ; 12.579 ; 12.579 ;        ;
; INPUT[20]  ; OUTPUT[20]  ; 10.397 ;        ;        ; 10.397 ;
; INPUT[20]  ; OUTPUT[28]  ; 10.345 ;        ;        ; 10.345 ;
; INPUT[20]  ; Z           ;        ; 12.746 ; 12.746 ;        ;
; INPUT[21]  ; OUTPUT[21]  ; 10.709 ;        ;        ; 10.709 ;
; INPUT[21]  ; OUTPUT[29]  ; 10.687 ;        ;        ; 10.687 ;
; INPUT[21]  ; Z           ;        ; 12.780 ; 12.780 ;        ;
; INPUT[22]  ; OUTPUT[22]  ; 10.163 ;        ;        ; 10.163 ;
; INPUT[22]  ; OUTPUT[30]  ; 10.228 ;        ;        ; 10.228 ;
; INPUT[22]  ; Z           ;        ; 11.430 ; 11.430 ;        ;
; INPUT[23]  ; N           ; 9.883  ;        ;        ; 9.883  ;
; INPUT[23]  ; OUTPUT[23]  ; 10.239 ;        ;        ; 10.239 ;
; INPUT[23]  ; OUTPUT[31]  ; 9.863  ;        ;        ; 9.863  ;
; INPUT[23]  ; Z           ;        ; 11.115 ; 11.115 ;        ;
; INPUT[24]  ; OUTPUT[24]  ; 9.650  ;        ;        ; 9.650  ;
; INPUT[24]  ; Z           ;        ; 10.953 ; 10.953 ;        ;
; INPUT[25]  ; OUTPUT[25]  ; 10.019 ;        ;        ; 10.019 ;
; INPUT[25]  ; Z           ;        ; 11.022 ; 11.022 ;        ;
; INPUT[26]  ; OUTPUT[26]  ; 10.531 ;        ;        ; 10.531 ;
; INPUT[26]  ; Z           ;        ; 12.367 ; 12.367 ;        ;
; INPUT[27]  ; OUTPUT[27]  ; 10.522 ;        ;        ; 10.522 ;
; INPUT[27]  ; Z           ;        ; 12.170 ; 12.170 ;        ;
; INPUT[28]  ; OUTPUT[28]  ; 10.509 ;        ;        ; 10.509 ;
; INPUT[28]  ; Z           ;        ; 12.082 ; 12.082 ;        ;
; INPUT[29]  ; OUTPUT[29]  ; 10.256 ;        ;        ; 10.256 ;
; INPUT[29]  ; Z           ;        ; 12.016 ; 12.016 ;        ;
; INPUT[30]  ; OUTPUT[30]  ; 9.927  ;        ;        ; 9.927  ;
; INPUT[30]  ; Z           ;        ; 10.854 ; 10.854 ;        ;
; INPUT[31]  ; N           ; 10.033 ;        ;        ; 10.033 ;
; INPUT[31]  ; OUTPUT[31]  ; 10.013 ;        ;        ; 10.013 ;
; INPUT[31]  ; Z           ;        ; 11.118 ; 11.118 ;        ;
; MIR[22]    ; N           ; 10.466 ; 10.466 ; 10.466 ; 10.466 ;
; MIR[22]    ; OUTPUT[0]   ; 10.598 ; 10.598 ; 10.598 ; 10.598 ;
; MIR[22]    ; OUTPUT[1]   ; 10.280 ; 10.280 ; 10.280 ; 10.280 ;
; MIR[22]    ; OUTPUT[2]   ; 10.080 ; 10.080 ; 10.080 ; 10.080 ;
; MIR[22]    ; OUTPUT[3]   ; 10.543 ; 10.543 ; 10.543 ; 10.543 ;
; MIR[22]    ; OUTPUT[4]   ; 10.443 ; 10.443 ; 10.443 ; 10.443 ;
; MIR[22]    ; OUTPUT[5]   ; 10.710 ; 10.710 ; 10.710 ; 10.710 ;
; MIR[22]    ; OUTPUT[6]   ; 10.445 ; 10.445 ; 10.445 ; 10.445 ;
; MIR[22]    ; OUTPUT[7]   ; 10.436 ; 10.436 ; 10.436 ; 10.436 ;
; MIR[22]    ; OUTPUT[8]   ; 10.436 ; 10.436 ; 10.436 ; 10.436 ;
; MIR[22]    ; OUTPUT[9]   ; 10.500 ; 10.500 ; 10.500 ; 10.500 ;
; MIR[22]    ; OUTPUT[10]  ; 10.459 ; 10.459 ; 10.459 ; 10.459 ;
; MIR[22]    ; OUTPUT[11]  ; 10.444 ; 10.444 ; 10.444 ; 10.444 ;
; MIR[22]    ; OUTPUT[12]  ; 10.431 ; 10.431 ; 10.431 ; 10.431 ;
; MIR[22]    ; OUTPUT[13]  ; 10.522 ; 10.522 ; 10.522 ; 10.522 ;
; MIR[22]    ; OUTPUT[14]  ; 10.429 ; 10.429 ; 10.429 ; 10.429 ;
; MIR[22]    ; OUTPUT[15]  ; 10.332 ; 10.332 ; 10.332 ; 10.332 ;
; MIR[22]    ; OUTPUT[16]  ; 10.445 ; 10.445 ; 10.445 ; 10.445 ;
; MIR[22]    ; OUTPUT[17]  ; 10.460 ; 10.460 ; 10.460 ; 10.460 ;
; MIR[22]    ; OUTPUT[18]  ; 10.585 ; 10.585 ; 10.585 ; 10.585 ;
; MIR[22]    ; OUTPUT[19]  ; 10.496 ; 10.496 ; 10.496 ; 10.496 ;
; MIR[22]    ; OUTPUT[20]  ; 10.490 ; 10.490 ; 10.490 ; 10.490 ;
; MIR[22]    ; OUTPUT[21]  ; 10.500 ; 10.500 ; 10.500 ; 10.500 ;
; MIR[22]    ; OUTPUT[22]  ; 10.318 ; 10.318 ; 10.318 ; 10.318 ;
; MIR[22]    ; OUTPUT[23]  ; 10.424 ; 10.424 ; 10.424 ; 10.424 ;
; MIR[22]    ; OUTPUT[24]  ; 10.491 ; 10.491 ; 10.491 ; 10.491 ;
; MIR[22]    ; OUTPUT[25]  ; 10.443 ; 10.443 ; 10.443 ; 10.443 ;
; MIR[22]    ; OUTPUT[26]  ; 10.443 ; 10.443 ; 10.443 ; 10.443 ;
; MIR[22]    ; OUTPUT[27]  ; 10.505 ; 10.505 ; 10.505 ; 10.505 ;
; MIR[22]    ; OUTPUT[28]  ; 10.445 ; 10.445 ; 10.445 ; 10.445 ;
; MIR[22]    ; OUTPUT[29]  ; 10.482 ; 10.482 ; 10.482 ; 10.482 ;
; MIR[22]    ; OUTPUT[30]  ; 10.383 ; 10.383 ; 10.383 ; 10.383 ;
; MIR[22]    ; OUTPUT[31]  ; 10.446 ; 10.446 ; 10.446 ; 10.446 ;
; MIR[22]    ; Z           ; 12.971 ; 12.971 ; 12.971 ; 12.971 ;
; MIR[23]    ; N           ; 10.621 ; 10.621 ; 10.621 ; 10.621 ;
; MIR[23]    ; OUTPUT[0]   ; 10.945 ; 10.945 ; 10.945 ; 10.945 ;
; MIR[23]    ; OUTPUT[1]   ; 10.513 ; 10.513 ; 10.513 ; 10.513 ;
; MIR[23]    ; OUTPUT[2]   ; 10.602 ; 10.602 ; 10.602 ; 10.602 ;
; MIR[23]    ; OUTPUT[3]   ; 10.747 ; 10.747 ; 10.747 ; 10.747 ;
; MIR[23]    ; OUTPUT[4]   ; 10.953 ; 10.953 ; 10.953 ; 10.953 ;
; MIR[23]    ; OUTPUT[5]   ; 10.931 ; 10.931 ; 10.931 ; 10.931 ;
; MIR[23]    ; OUTPUT[6]   ; 10.666 ; 10.666 ; 10.666 ; 10.666 ;
; MIR[23]    ; OUTPUT[7]   ; 10.633 ; 10.633 ; 10.633 ; 10.633 ;
; MIR[23]    ; OUTPUT[8]   ; 10.799 ; 10.799 ; 10.799 ; 10.799 ;
; MIR[23]    ; OUTPUT[9]   ; 10.668 ; 10.668 ; 10.668 ; 10.668 ;
; MIR[23]    ; OUTPUT[10]  ; 10.853 ; 10.853 ; 10.853 ; 10.853 ;
; MIR[23]    ; OUTPUT[11]  ; 10.845 ; 10.845 ; 10.845 ; 10.845 ;
; MIR[23]    ; OUTPUT[12]  ; 10.834 ; 10.834 ; 10.834 ; 10.834 ;
; MIR[23]    ; OUTPUT[13]  ; 10.915 ; 10.915 ; 10.915 ; 10.915 ;
; MIR[23]    ; OUTPUT[14]  ; 10.707 ; 10.707 ; 10.707 ; 10.707 ;
; MIR[23]    ; OUTPUT[15]  ; 10.612 ; 10.612 ; 10.612 ; 10.612 ;
; MIR[23]    ; OUTPUT[16]  ; 10.645 ; 10.645 ; 10.645 ; 10.645 ;
; MIR[23]    ; OUTPUT[17]  ; 10.740 ; 10.740 ; 10.740 ; 10.740 ;
; MIR[23]    ; OUTPUT[18]  ; 10.979 ; 10.979 ; 10.979 ; 10.979 ;
; MIR[23]    ; OUTPUT[19]  ; 10.891 ; 10.891 ; 10.891 ; 10.891 ;
; MIR[23]    ; OUTPUT[20]  ; 10.885 ; 10.885 ; 10.885 ; 10.885 ;
; MIR[23]    ; OUTPUT[21]  ; 10.903 ; 10.903 ; 10.903 ; 10.903 ;
; MIR[23]    ; OUTPUT[22]  ; 10.598 ; 10.598 ; 10.598 ; 10.598 ;
; MIR[23]    ; OUTPUT[23]  ; 10.705 ; 10.705 ; 10.705 ; 10.705 ;
; MIR[23]    ; OUTPUT[24]  ; 10.718 ; 10.718 ; 10.718 ; 10.718 ;
; MIR[23]    ; OUTPUT[25]  ; 10.721 ; 10.721 ; 10.721 ; 10.721 ;
; MIR[23]    ; OUTPUT[26]  ; 10.841 ; 10.841 ; 10.841 ; 10.841 ;
; MIR[23]    ; OUTPUT[27]  ; 10.899 ; 10.899 ; 10.899 ; 10.899 ;
; MIR[23]    ; OUTPUT[28]  ; 10.839 ; 10.839 ; 10.839 ; 10.839 ;
; MIR[23]    ; OUTPUT[29]  ; 10.878 ; 10.878 ; 10.878 ; 10.878 ;
; MIR[23]    ; OUTPUT[30]  ; 10.661 ; 10.661 ; 10.661 ; 10.661 ;
; MIR[23]    ; OUTPUT[31]  ; 10.601 ; 10.601 ; 10.601 ; 10.601 ;
; MIR[23]    ; Z           ; 13.331 ; 13.331 ; 13.331 ; 13.331 ;
+------------+-------------+--------+--------+--------+--------+


+----------------------------------------------------------+
; Minimum Progagation Delay                                ;
+------------+-------------+-------+-------+-------+-------+
; Input Port ; Output Port ; RR    ; RF    ; FR    ; FF    ;
+------------+-------------+-------+-------+-------+-------+
; INPUT[0]   ; OUTPUT[0]   ; 5.612 ;       ;       ; 5.612 ;
; INPUT[0]   ; OUTPUT[8]   ; 5.575 ;       ;       ; 5.575 ;
; INPUT[0]   ; Z           ;       ; 6.248 ; 6.248 ;       ;
; INPUT[1]   ; OUTPUT[1]   ; 5.412 ;       ;       ; 5.412 ;
; INPUT[1]   ; OUTPUT[9]   ; 5.595 ;       ;       ; 5.595 ;
; INPUT[1]   ; Z           ;       ; 6.099 ; 6.099 ;       ;
; INPUT[2]   ; OUTPUT[2]   ; 5.554 ;       ;       ; 5.554 ;
; INPUT[2]   ; OUTPUT[10]  ; 5.864 ;       ;       ; 5.864 ;
; INPUT[2]   ; Z           ;       ; 6.587 ; 6.587 ;       ;
; INPUT[3]   ; OUTPUT[3]   ; 5.778 ;       ;       ; 5.778 ;
; INPUT[3]   ; OUTPUT[11]  ; 5.907 ;       ;       ; 5.907 ;
; INPUT[3]   ; Z           ;       ; 6.753 ; 6.753 ;       ;
; INPUT[4]   ; OUTPUT[4]   ; 5.879 ;       ;       ; 5.879 ;
; INPUT[4]   ; OUTPUT[12]  ; 5.871 ;       ;       ; 5.871 ;
; INPUT[4]   ; Z           ;       ; 6.793 ; 6.793 ;       ;
; INPUT[5]   ; OUTPUT[5]   ; 5.533 ;       ;       ; 5.533 ;
; INPUT[5]   ; OUTPUT[13]  ; 5.837 ;       ;       ; 5.837 ;
; INPUT[5]   ; Z           ;       ; 6.432 ; 6.432 ;       ;
; INPUT[6]   ; OUTPUT[6]   ; 5.577 ;       ;       ; 5.577 ;
; INPUT[6]   ; OUTPUT[14]  ; 5.728 ;       ;       ; 5.728 ;
; INPUT[6]   ; Z           ;       ; 6.505 ; 6.505 ;       ;
; INPUT[7]   ; OUTPUT[7]   ; 5.583 ;       ;       ; 5.583 ;
; INPUT[7]   ; OUTPUT[15]  ; 5.644 ;       ;       ; 5.644 ;
; INPUT[7]   ; Z           ;       ; 6.425 ; 6.425 ;       ;
; INPUT[8]   ; OUTPUT[8]   ; 5.507 ;       ;       ; 5.507 ;
; INPUT[8]   ; OUTPUT[16]  ; 5.489 ;       ;       ; 5.489 ;
; INPUT[8]   ; Z           ;       ; 6.292 ; 6.292 ;       ;
; INPUT[9]   ; OUTPUT[9]   ; 5.542 ;       ;       ; 5.542 ;
; INPUT[9]   ; OUTPUT[17]  ; 5.585 ;       ;       ; 5.585 ;
; INPUT[9]   ; Z           ;       ; 6.046 ; 6.046 ;       ;
; INPUT[10]  ; OUTPUT[10]  ; 5.673 ;       ;       ; 5.673 ;
; INPUT[10]  ; OUTPUT[18]  ; 5.725 ;       ;       ; 5.725 ;
; INPUT[10]  ; Z           ;       ; 6.586 ; 6.586 ;       ;
; INPUT[11]  ; OUTPUT[11]  ; 3.295 ;       ;       ; 3.295 ;
; INPUT[11]  ; OUTPUT[19]  ; 3.304 ;       ;       ; 3.304 ;
; INPUT[11]  ; Z           ;       ; 4.259 ; 4.259 ;       ;
; INPUT[12]  ; OUTPUT[12]  ; 3.289 ;       ;       ; 3.289 ;
; INPUT[12]  ; OUTPUT[20]  ; 3.318 ;       ;       ; 3.318 ;
; INPUT[12]  ; Z           ;       ; 4.211 ; 4.211 ;       ;
; INPUT[13]  ; OUTPUT[13]  ; 3.366 ;       ;       ; 3.366 ;
; INPUT[13]  ; OUTPUT[21]  ; 3.401 ;       ;       ; 3.401 ;
; INPUT[13]  ; Z           ;       ; 4.236 ; 4.236 ;       ;
; INPUT[14]  ; OUTPUT[14]  ; 3.131 ;       ;       ; 3.131 ;
; INPUT[14]  ; OUTPUT[22]  ; 3.128 ;       ;       ; 3.128 ;
; INPUT[14]  ; Z           ;       ; 3.641 ; 3.641 ;       ;
; INPUT[15]  ; OUTPUT[15]  ; 5.544 ;       ;       ; 5.544 ;
; INPUT[15]  ; OUTPUT[23]  ; 5.527 ;       ;       ; 5.527 ;
; INPUT[15]  ; Z           ;       ; 5.884 ; 5.884 ;       ;
; INPUT[16]  ; OUTPUT[16]  ; 5.623 ;       ;       ; 5.623 ;
; INPUT[16]  ; OUTPUT[24]  ; 5.651 ;       ;       ; 5.651 ;
; INPUT[16]  ; Z           ;       ; 6.162 ; 6.162 ;       ;
; INPUT[17]  ; OUTPUT[17]  ; 5.637 ;       ;       ; 5.637 ;
; INPUT[17]  ; OUTPUT[25]  ; 5.620 ;       ;       ; 5.620 ;
; INPUT[17]  ; Z           ;       ; 6.054 ; 6.054 ;       ;
; INPUT[18]  ; OUTPUT[18]  ; 5.782 ;       ;       ; 5.782 ;
; INPUT[18]  ; OUTPUT[26]  ; 5.722 ;       ;       ; 5.722 ;
; INPUT[18]  ; Z           ;       ; 6.485 ; 6.485 ;       ;
; INPUT[19]  ; OUTPUT[19]  ; 5.674 ;       ;       ; 5.674 ;
; INPUT[19]  ; OUTPUT[27]  ; 5.752 ;       ;       ; 5.752 ;
; INPUT[19]  ; Z           ;       ; 6.409 ; 6.409 ;       ;
; INPUT[20]  ; OUTPUT[20]  ; 5.740 ;       ;       ; 5.740 ;
; INPUT[20]  ; OUTPUT[28]  ; 5.702 ;       ;       ; 5.702 ;
; INPUT[20]  ; Z           ;       ; 6.346 ; 6.346 ;       ;
; INPUT[21]  ; OUTPUT[21]  ; 5.906 ;       ;       ; 5.906 ;
; INPUT[21]  ; OUTPUT[29]  ; 5.883 ;       ;       ; 5.883 ;
; INPUT[21]  ; Z           ;       ; 6.621 ; 6.621 ;       ;
; INPUT[22]  ; OUTPUT[22]  ; 5.631 ;       ;       ; 5.631 ;
; INPUT[22]  ; OUTPUT[30]  ; 5.597 ;       ;       ; 5.597 ;
; INPUT[22]  ; Z           ;       ; 6.012 ; 6.012 ;       ;
; INPUT[23]  ; N           ; 5.514 ;       ;       ; 5.514 ;
; INPUT[23]  ; OUTPUT[23]  ; 5.610 ;       ;       ; 5.610 ;
; INPUT[23]  ; OUTPUT[31]  ; 5.494 ;       ;       ; 5.494 ;
; INPUT[23]  ; Z           ;       ; 5.923 ; 5.923 ;       ;
; INPUT[24]  ; OUTPUT[24]  ; 5.402 ;       ;       ; 5.402 ;
; INPUT[24]  ; Z           ;       ; 5.913 ; 5.913 ;       ;
; INPUT[25]  ; OUTPUT[25]  ; 5.545 ;       ;       ; 5.545 ;
; INPUT[25]  ; Z           ;       ; 5.979 ; 5.979 ;       ;
; INPUT[26]  ; OUTPUT[26]  ; 5.829 ;       ;       ; 5.829 ;
; INPUT[26]  ; Z           ;       ; 6.592 ; 6.592 ;       ;
; INPUT[27]  ; OUTPUT[27]  ; 5.793 ;       ;       ; 5.793 ;
; INPUT[27]  ; Z           ;       ; 6.450 ; 6.450 ;       ;
; INPUT[28]  ; OUTPUT[28]  ; 5.792 ;       ;       ; 5.792 ;
; INPUT[28]  ; Z           ;       ; 6.436 ; 6.436 ;       ;
; INPUT[29]  ; OUTPUT[29]  ; 5.675 ;       ;       ; 5.675 ;
; INPUT[29]  ; Z           ;       ; 6.413 ; 6.413 ;       ;
; INPUT[30]  ; OUTPUT[30]  ; 5.462 ;       ;       ; 5.462 ;
; INPUT[30]  ; Z           ;       ; 5.877 ; 5.877 ;       ;
; INPUT[31]  ; N           ; 5.612 ;       ;       ; 5.612 ;
; INPUT[31]  ; OUTPUT[31]  ; 5.592 ;       ;       ; 5.592 ;
; INPUT[31]  ; Z           ;       ; 6.021 ; 6.021 ;       ;
; MIR[22]    ; N           ; 5.784 ; 5.784 ; 5.784 ; 5.784 ;
; MIR[22]    ; OUTPUT[0]   ; 5.783 ; 5.783 ; 5.783 ; 5.783 ;
; MIR[22]    ; OUTPUT[1]   ; 5.636 ; 5.636 ; 5.636 ; 5.636 ;
; MIR[22]    ; OUTPUT[2]   ; 5.527 ; 5.527 ; 5.527 ; 5.527 ;
; MIR[22]    ; OUTPUT[3]   ; 5.736 ; 5.736 ; 5.736 ; 5.736 ;
; MIR[22]    ; OUTPUT[4]   ; 5.704 ; 5.704 ; 5.704 ; 5.704 ;
; MIR[22]    ; OUTPUT[5]   ; 5.820 ; 5.820 ; 5.820 ; 5.820 ;
; MIR[22]    ; OUTPUT[6]   ; 5.778 ; 5.778 ; 5.778 ; 5.778 ;
; MIR[22]    ; OUTPUT[7]   ; 5.746 ; 5.746 ; 5.746 ; 5.746 ;
; MIR[22]    ; OUTPUT[8]   ; 5.776 ; 5.776 ; 5.776 ; 5.776 ;
; MIR[22]    ; OUTPUT[9]   ; 5.755 ; 5.755 ; 5.755 ; 5.755 ;
; MIR[22]    ; OUTPUT[10]  ; 5.802 ; 5.802 ; 5.802 ; 5.802 ;
; MIR[22]    ; OUTPUT[11]  ; 5.789 ; 5.789 ; 5.789 ; 5.789 ;
; MIR[22]    ; OUTPUT[12]  ; 5.773 ; 5.773 ; 5.773 ; 5.773 ;
; MIR[22]    ; OUTPUT[13]  ; 5.829 ; 5.829 ; 5.829 ; 5.829 ;
; MIR[22]    ; OUTPUT[14]  ; 5.709 ; 5.709 ; 5.709 ; 5.709 ;
; MIR[22]    ; OUTPUT[15]  ; 5.720 ; 5.720 ; 5.720 ; 5.720 ;
; MIR[22]    ; OUTPUT[16]  ; 5.755 ; 5.755 ; 5.755 ; 5.755 ;
; MIR[22]    ; OUTPUT[17]  ; 5.728 ; 5.728 ; 5.728 ; 5.728 ;
; MIR[22]    ; OUTPUT[18]  ; 5.854 ; 5.854 ; 5.854 ; 5.854 ;
; MIR[22]    ; OUTPUT[19]  ; 5.811 ; 5.811 ; 5.811 ; 5.811 ;
; MIR[22]    ; OUTPUT[20]  ; 5.810 ; 5.810 ; 5.810 ; 5.810 ;
; MIR[22]    ; OUTPUT[21]  ; 5.821 ; 5.821 ; 5.821 ; 5.821 ;
; MIR[22]    ; OUTPUT[22]  ; 5.708 ; 5.708 ; 5.708 ; 5.708 ;
; MIR[22]    ; OUTPUT[23]  ; 5.703 ; 5.703 ; 5.703 ; 5.703 ;
; MIR[22]    ; OUTPUT[24]  ; 5.783 ; 5.783 ; 5.783 ; 5.783 ;
; MIR[22]    ; OUTPUT[25]  ; 5.719 ; 5.719 ; 5.719 ; 5.719 ;
; MIR[22]    ; OUTPUT[26]  ; 5.790 ; 5.790 ; 5.790 ; 5.790 ;
; MIR[22]    ; OUTPUT[27]  ; 5.820 ; 5.820 ; 5.820 ; 5.820 ;
; MIR[22]    ; OUTPUT[28]  ; 5.781 ; 5.781 ; 5.781 ; 5.781 ;
; MIR[22]    ; OUTPUT[29]  ; 5.806 ; 5.806 ; 5.806 ; 5.806 ;
; MIR[22]    ; OUTPUT[30]  ; 5.676 ; 5.676 ; 5.676 ; 5.676 ;
; MIR[22]    ; OUTPUT[31]  ; 5.764 ; 5.764 ; 5.764 ; 5.764 ;
; MIR[22]    ; Z           ; 6.060 ; 6.060 ; 6.060 ; 6.060 ;
; MIR[23]    ; N           ; 5.886 ; 5.886 ; 5.886 ; 5.886 ;
; MIR[23]    ; OUTPUT[0]   ; 5.984 ; 5.984 ; 5.984 ; 5.984 ;
; MIR[23]    ; OUTPUT[1]   ; 5.774 ; 5.774 ; 5.774 ; 5.774 ;
; MIR[23]    ; OUTPUT[2]   ; 5.817 ; 5.817 ; 5.817 ; 5.817 ;
; MIR[23]    ; OUTPUT[3]   ; 5.868 ; 5.868 ; 5.868 ; 5.868 ;
; MIR[23]    ; OUTPUT[4]   ; 5.985 ; 5.985 ; 5.985 ; 5.985 ;
; MIR[23]    ; OUTPUT[5]   ; 5.948 ; 5.948 ; 5.948 ; 5.948 ;
; MIR[23]    ; OUTPUT[6]   ; 5.906 ; 5.906 ; 5.906 ; 5.906 ;
; MIR[23]    ; OUTPUT[7]   ; 5.874 ; 5.874 ; 5.874 ; 5.874 ;
; MIR[23]    ; OUTPUT[8]   ; 5.974 ; 5.974 ; 5.974 ; 5.974 ;
; MIR[23]    ; OUTPUT[9]   ; 5.844 ; 5.844 ; 5.844 ; 5.844 ;
; MIR[23]    ; OUTPUT[10]  ; 6.001 ; 6.001 ; 6.001 ; 6.001 ;
; MIR[23]    ; OUTPUT[11]  ; 5.990 ; 5.990 ; 5.990 ; 5.990 ;
; MIR[23]    ; OUTPUT[12]  ; 5.977 ; 5.977 ; 5.977 ; 5.977 ;
; MIR[23]    ; OUTPUT[13]  ; 6.026 ; 6.026 ; 6.026 ; 6.026 ;
; MIR[23]    ; OUTPUT[14]  ; 5.867 ; 5.867 ; 5.867 ; 5.867 ;
; MIR[23]    ; OUTPUT[15]  ; 5.878 ; 5.878 ; 5.878 ; 5.878 ;
; MIR[23]    ; OUTPUT[16]  ; 5.887 ; 5.887 ; 5.887 ; 5.887 ;
; MIR[23]    ; OUTPUT[17]  ; 5.886 ; 5.886 ; 5.886 ; 5.886 ;
; MIR[23]    ; OUTPUT[18]  ; 6.053 ; 6.053 ; 6.053 ; 6.053 ;
; MIR[23]    ; OUTPUT[19]  ; 6.008 ; 6.008 ; 6.008 ; 6.008 ;
; MIR[23]    ; OUTPUT[20]  ; 6.009 ; 6.009 ; 6.009 ; 6.009 ;
; MIR[23]    ; OUTPUT[21]  ; 6.024 ; 6.024 ; 6.024 ; 6.024 ;
; MIR[23]    ; OUTPUT[22]  ; 5.866 ; 5.866 ; 5.866 ; 5.866 ;
; MIR[23]    ; OUTPUT[23]  ; 5.861 ; 5.861 ; 5.861 ; 5.861 ;
; MIR[23]    ; OUTPUT[24]  ; 5.914 ; 5.914 ; 5.914 ; 5.914 ;
; MIR[23]    ; OUTPUT[25]  ; 5.877 ; 5.877 ; 5.877 ; 5.877 ;
; MIR[23]    ; OUTPUT[26]  ; 5.990 ; 5.990 ; 5.990 ; 5.990 ;
; MIR[23]    ; OUTPUT[27]  ; 6.018 ; 6.018 ; 6.018 ; 6.018 ;
; MIR[23]    ; OUTPUT[28]  ; 5.978 ; 5.978 ; 5.978 ; 5.978 ;
; MIR[23]    ; OUTPUT[29]  ; 6.005 ; 6.005 ; 6.005 ; 6.005 ;
; MIR[23]    ; OUTPUT[30]  ; 5.834 ; 5.834 ; 5.834 ; 5.834 ;
; MIR[23]    ; OUTPUT[31]  ; 5.866 ; 5.866 ; 5.866 ; 5.866 ;
; MIR[23]    ; Z           ; 6.218 ; 6.218 ; 6.218 ; 6.218 ;
+------------+-------------+-------+-------+-------+-------+


-------------------
; Clock Transfers ;
-------------------
Nothing to report.


---------------
; Report TCCS ;
---------------
No dedicated SERDES Transmitter circuitry present in device or used in design


---------------
; Report RSKM ;
---------------
No dedicated SERDES Receiver circuitry present in device or used in design


+------------------------------------------------+
; Unconstrained Paths                            ;
+---------------------------------+-------+------+
; Property                        ; Setup ; Hold ;
+---------------------------------+-------+------+
; Illegal Clocks                  ; 0     ; 0    ;
; Unconstrained Clocks            ; 0     ; 0    ;
; Unconstrained Input Ports       ; 34    ; 34   ;
; Unconstrained Input Port Paths  ; 158   ; 158  ;
; Unconstrained Output Ports      ; 34    ; 34   ;
; Unconstrained Output Port Paths ; 158   ; 158  ;
+---------------------------------+-------+------+


+------------------------------------+
; TimeQuest Timing Analyzer Messages ;
+------------------------------------+
Info: *******************************************************************
Info: Running Quartus II 64-Bit TimeQuest Timing Analyzer
    Info: Version 13.0.1 Build 232 06/12/2013 Service Pack 1 SJ Web Edition
    Info: Processing started: Sun Aug 16 17:48:14 2026
Info: Command: quartus_sta MIC1 -c MIC1
Info: qsta_default_script.tcl version: #1
Warning (20028): Parallel compilation is not licensed and has been disabled
Critical Warning (332012): Synopsys Design Constraints File file not found: 'MIC1.sdc'. A Synopsys Design Constraints File is required by the TimeQuest Timing Analyzer to get proper timing constraints. Without it, the Compiler will not properly optimize the design.
Info (332142): No user constrained base clocks found in the design. Calling "derive_clocks -period 1.0"
Info (332096): The command derive_clocks did not find any clocks to derive.  No clocks were created or changed.
Warning (332068): No clocks defined in design.
Info: Found TIMEQUEST_REPORT_SCRIPT_INCLUDE_DEFAULT_ANALYSIS = ON
Info (332159): No clocks to report
Info: Analyzing Slow Model
Info (332140): No fmax paths to report
Info (332140): No Setup paths to report
Info (332140): No Hold paths to report
Info (332140): No Recovery paths to report
Info (332140): No Removal paths to report
Info (332140): No Minimum Pulse Width paths to report
Info (332001): The selected device family is not supported by the report_metastability command.
Info: Analyzing Fast Model
Info (332142): No user constrained base clocks found in the design. Calling "derive_clocks -period 1.0"
Info (332096): The command derive_clocks did not find any clocks to derive.  No clocks were created or changed.
Warning (332068): No clocks defined in design.
Info (332140): No Setup paths to report
Info (332140): No Hold paths to report
Info (332140): No Recovery paths to report
Info (332140): No Removal paths to report
Info (332140): No Minimum Pulse Width paths to report
Info (332001): The selected device family is not supported by the report_metastability command.
Info (332102): Design is not fully constrained for setup requirements
Info (332102): Design is not fully constrained for hold requirements
Info: Quartus II 64-Bit TimeQuest Timing Analyzer was successful. 0 errors, 4 warnings
    Info: Peak virtual memory: 4541 megabytes
    Info: Processing ended: Sun Aug 16 17:48:16 2026
    Info: Elapsed time: 00:00:02
    Info: Total CPU time (on all processors): 00:00:01


